Archive member included to satisfy reference by file (symbol)

c:/tool/gcc-arm-none-eabi-10.3-2021.10/bin/../lib/gcc/arm-none-eabi/10.3.1/../../../../arm-none-eabi/lib/thumb/v7e-m+fp/hard\libc_nano.a(lib_a-exit.o)
                              c:/tool/gcc-arm-none-eabi-10.3-2021.10/bin/../lib/gcc/arm-none-eabi/10.3.1/../../../../arm-none-eabi/lib/thumb/v7e-m+fp/hard/crt0.o (exit)
c:/tool/gcc-arm-none-eabi-10.3-2021.10/bin/../lib/gcc/arm-none-eabi/10.3.1/../../../../arm-none-eabi/lib/thumb/v7e-m+fp/hard\libc_nano.a(lib_a-impure.o)
                              c:/tool/gcc-arm-none-eabi-10.3-2021.10/bin/../lib/gcc/arm-none-eabi/10.3.1/../../../../arm-none-eabi/lib/thumb/v7e-m+fp/hard\libc_nano.a(lib_a-exit.o) (_global_impure_ptr)
c:/tool/gcc-arm-none-eabi-10.3-2021.10/bin/../lib/gcc/arm-none-eabi/10.3.1/../../../../arm-none-eabi/lib/thumb/v7e-m+fp/hard\libc_nano.a(lib_a-init.o)
                              c:/tool/gcc-arm-none-eabi-10.3-2021.10/bin/../lib/gcc/arm-none-eabi/10.3.1/../../../../arm-none-eabi/lib/thumb/v7e-m+fp/hard/crt0.o (__libc_init_array)
c:/tool/gcc-arm-none-eabi-10.3-2021.10/bin/../lib/gcc/arm-none-eabi/10.3.1/../../../../arm-none-eabi/lib/thumb/v7e-m+fp/hard\libc_nano.a(lib_a-memset.o)
                              c:/tool/gcc-arm-none-eabi-10.3-2021.10/bin/../lib/gcc/arm-none-eabi/10.3.1/../../../../arm-none-eabi/lib/thumb/v7e-m+fp/hard/crt0.o (memset)
c:/tool/gcc-arm-none-eabi-10.3-2021.10/bin/../lib/gcc/arm-none-eabi/10.3.1/thumb/v7e-m+fp/hard\libgcc.a(_aeabi_uldivmod.o)
                              CMakeFiles/stm32f407zg_fh_boot.dir/Drivers/STM32F4xx_HAL_Driver/Src/stm32f4xx_hal_uart.c.obj (__aeabi_uldivmod)
c:/tool/gcc-arm-none-eabi-10.3-2021.10/bin/../lib/gcc/arm-none-eabi/10.3.1/thumb/v7e-m+fp/hard\libgcc.a(_udivmoddi4.o)
                              c:/tool/gcc-arm-none-eabi-10.3-2021.10/bin/../lib/gcc/arm-none-eabi/10.3.1/thumb/v7e-m+fp/hard\libgcc.a(_aeabi_uldivmod.o) (__udivmoddi4)
c:/tool/gcc-arm-none-eabi-10.3-2021.10/bin/../lib/gcc/arm-none-eabi/10.3.1/thumb/v7e-m+fp/hard\libgcc.a(_dvmd_tls.o)
                              c:/tool/gcc-arm-none-eabi-10.3-2021.10/bin/../lib/gcc/arm-none-eabi/10.3.1/thumb/v7e-m+fp/hard\libgcc.a(_aeabi_uldivmod.o) (__aeabi_ldiv0)
c:/tool/gcc-arm-none-eabi-10.3-2021.10/bin/../lib/gcc/arm-none-eabi/10.3.1/../../../../arm-none-eabi/lib/thumb/v7e-m+fp/hard\libg_nano.a(lib_a-errno.o)
                              CMakeFiles/stm32f407zg_fh_boot.dir/Core/Src/sysmem.c.obj (__errno)
c:/tool/gcc-arm-none-eabi-10.3-2021.10/bin/../lib/gcc/arm-none-eabi/10.3.1/../../../../arm-none-eabi/lib/thumb/v7e-m+fp/hard\libg_nano.a(lib_a-memcpy-stub.o)
                              CMakeFiles/stm32f407zg_fh_boot.dir/fh_bootloader/fh_bootloader.c.obj (memcpy)
c:/tool/gcc-arm-none-eabi-10.3-2021.10/bin/../lib/gcc/arm-none-eabi/10.3.1/../../../../arm-none-eabi/lib/thumb/v7e-m+fp/hard\libg_nano.a(lib_a-memmove.o)
                              CMakeFiles/stm32f407zg_fh_boot.dir/fh_bootloader/fh_bootloader.c.obj (memmove)

Discarded input sections

 .text          0x00000000        0x0 c:/tool/gcc-arm-none-eabi-10.3-2021.10/bin/../lib/gcc/arm-none-eabi/10.3.1/thumb/v7e-m+fp/hard/crti.o
 .data          0x00000000        0x0 c:/tool/gcc-arm-none-eabi-10.3-2021.10/bin/../lib/gcc/arm-none-eabi/10.3.1/thumb/v7e-m+fp/hard/crti.o
 .bss           0x00000000        0x0 c:/tool/gcc-arm-none-eabi-10.3-2021.10/bin/../lib/gcc/arm-none-eabi/10.3.1/thumb/v7e-m+fp/hard/crti.o
 .data          0x00000000        0x4 c:/tool/gcc-arm-none-eabi-10.3-2021.10/bin/../lib/gcc/arm-none-eabi/10.3.1/thumb/v7e-m+fp/hard/crtbegin.o
 .rodata        0x00000000       0x24 c:/tool/gcc-arm-none-eabi-10.3-2021.10/bin/../lib/gcc/arm-none-eabi/10.3.1/thumb/v7e-m+fp/hard/crtbegin.o
 .text          0x00000000       0x7c c:/tool/gcc-arm-none-eabi-10.3-2021.10/bin/../lib/gcc/arm-none-eabi/10.3.1/../../../../arm-none-eabi/lib/thumb/v7e-m+fp/hard/crt0.o
 .data          0x00000000        0x0 c:/tool/gcc-arm-none-eabi-10.3-2021.10/bin/../lib/gcc/arm-none-eabi/10.3.1/../../../../arm-none-eabi/lib/thumb/v7e-m+fp/hard/crt0.o
 .bss           0x00000000        0x0 c:/tool/gcc-arm-none-eabi-10.3-2021.10/bin/../lib/gcc/arm-none-eabi/10.3.1/../../../../arm-none-eabi/lib/thumb/v7e-m+fp/hard/crt0.o
 .ARM.extab     0x00000000        0x0 c:/tool/gcc-arm-none-eabi-10.3-2021.10/bin/../lib/gcc/arm-none-eabi/10.3.1/../../../../arm-none-eabi/lib/thumb/v7e-m+fp/hard/crt0.o
 .ARM.exidx     0x00000000       0x10 c:/tool/gcc-arm-none-eabi-10.3-2021.10/bin/../lib/gcc/arm-none-eabi/10.3.1/../../../../arm-none-eabi/lib/thumb/v7e-m+fp/hard/crt0.o
 .ARM.attributes
                0x00000000       0x1c c:/tool/gcc-arm-none-eabi-10.3-2021.10/bin/../lib/gcc/arm-none-eabi/10.3.1/../../../../arm-none-eabi/lib/thumb/v7e-m+fp/hard/crt0.o
 .text          0x00000000        0x0 c:/tool/gcc-arm-none-eabi-10.3-2021.10/bin/../lib/gcc/arm-none-eabi/10.3.1/../../../../arm-none-eabi/lib/thumb/v7e-m+fp/hard\libc_nano.a(lib_a-exit.o)
[...]
Memory Configuration

Name             Origin             Length             Attributes
RAM              0x20000000         0x00020000         xrw
CCMRAM           0x10000000         0x00010000         xrw
FLASH            0x08000000         0x00100000         xr
*default*        0x00000000         0xffffffff

Linker script and memory map

LOAD c:/tool/gcc-arm-none-eabi-10.3-2021.10/bin/../lib/gcc/arm-none-eabi/10.3.1/thumb/v7e-m+fp/hard/crti.o
LOAD c:/tool/gcc-arm-none-eabi-10.3-2021.10/bin/../lib/gcc/arm-none-eabi/10.3.1/thumb/v7e-m+fp/hard/crtbegin.o
LOAD c:/tool/gcc-arm-none-eabi-10.3-2021.10/bin/../lib/gcc/arm-none-eabi/10.3.1/../../../../arm-none-eabi/lib/thumb/v7e-m+fp/hard/crt0.o
START GROUP
LOAD c:/tool/gcc-arm-none-eabi-10.3-2021.10/bin/../lib/gcc/arm-none-eabi/10.3.1/../../../../arm-none-eabi/lib/thumb/v7e-m+fp/hard\libc_nano.a
LOAD c:/tool/gcc-arm-none-eabi-10.3-2021.10/bin/../lib/gcc/arm-none-eabi/10.3.1/../../../../arm-none-eabi/lib/thumb/v7e-m+fp/hard\libm.a
END GROUP
LOAD CMakeFiles/stm32f407zg_fh_boot.dir/fh_bootloader/fh_bootloader.c.obj
LOAD CMakeFiles/stm32f407zg_fh_boot.dir/fh_ringbuff/ringbuff.c.obj
LOAD CMakeFiles/stm32f407zg_fh_boot.dir/fh_stream/fh_stream.c.obj
LOAD CMakeFiles/stm32f407zg_fh_boot.dir/Core/Src/main.c.obj
LOAD CMakeFiles/stm32f407zg_fh_boot.dir/Core/Src/gpio.c.obj
LOAD CMakeFiles/stm32f407zg_fh_boot.dir/Core/Src/usart.c.obj
LOAD CMakeFiles/stm32f407zg_fh_boot.dir/Core/Src/stm32f4xx_it.c.obj
LOAD CMakeFiles/stm32f407zg_fh_boot.dir/Core/Src/stm32f4xx_hal_msp.c.obj
LOAD CMakeFiles/stm32f407zg_fh_boot.dir/Drivers/STM32F4xx_HAL_Driver/Src/stm32f4xx_hal_uart.c.obj
LOAD CMakeFiles/stm32f407zg_fh_boot.dir/Drivers/STM32F4xx_HAL_Driver/Src/stm32f4xx_hal_rcc.c.obj
LOAD CMakeFiles/stm32f407zg_fh_boot.dir/Drivers/STM32F4xx_HAL_Driver/Src/stm32f4xx_hal_rcc_ex.c.obj
LOAD CMakeFiles/stm32f407zg_fh_boot.dir/Drivers/STM32F4xx_HAL_Driver/Src/stm32f4xx_hal_flash.c.obj
LOAD CMakeFiles/stm32f407zg_fh_boot.dir/Drivers/STM32F4xx_HAL_Driver/Src/stm32f4xx_hal_flash_ex.c.obj
LOAD CMakeFiles/stm32f407zg_fh_boot.dir/Drivers/STM32F4xx_HAL_Driver/Src/stm32f4xx_hal_flash_ramfunc.c.obj
LOAD CMakeFiles/stm32f407zg_fh_boot.dir/Drivers/STM32F4xx_HAL_Driver/Src/stm32f4xx_hal_gpio.c.obj
LOAD CMakeFiles/stm32f407zg_fh_boot.dir/Drivers/STM32F4xx_HAL_Driver/Src/stm32f4xx_hal_dma_ex.c.obj
LOAD CMakeFiles/stm32f407zg_fh_boot.dir/Drivers/STM32F4xx_HAL_Driver/Src/stm32f4xx_hal_dma.c.obj
LOAD CMakeFiles/stm32f407zg_fh_boot.dir/Drivers/STM32F4xx_HAL_Driver/Src/stm32f4xx_hal_pwr.c.obj
LOAD CMakeFiles/stm32f407zg_fh_boot.dir/Drivers/STM32F4xx_HAL_Driver/Src/stm32f4xx_hal_pwr_ex.c.obj
LOAD CMakeFiles/stm32f407zg_fh_boot.dir/Drivers/STM32F4xx_HAL_Driver/Src/stm32f4xx_hal_cortex.c.obj
LOAD CMakeFiles/stm32f407zg_fh_boot.dir/Drivers/STM32F4xx_HAL_Driver/Src/stm32f4xx_hal.c.obj
LOAD CMakeFiles/stm32f407zg_fh_boot.dir/Drivers/STM32F4xx_HAL_Driver/Src/stm32f4xx_hal_exti.c.obj
LOAD CMakeFiles/stm32f407zg_fh_boot.dir/Core/Src/system_stm32f4xx.c.obj
LOAD CMakeFiles/stm32f407zg_fh_boot.dir/Core/Src/sysmem.c.obj
LOAD CMakeFiles/stm32f407zg_fh_boot.dir/Core/Src/syscalls.c.obj
LOAD CMakeFiles/stm32f407zg_fh_boot.dir/startup_stm32f407xx.s.obj
START GROUP
LOAD c:/tool/gcc-arm-none-eabi-10.3-2021.10/bin/../lib/gcc/arm-none-eabi/10.3.1/thumb/v7e-m+fp/hard\libgcc.a
LOAD c:/tool/gcc-arm-none-eabi-10.3-2021.10/bin/../lib/gcc/arm-none-eabi/10.3.1/../../../../arm-none-eabi/lib/thumb/v7e-m+fp/hard\libg_nano.a
LOAD c:/tool/gcc-arm-none-eabi-10.3-2021.10/bin/../lib/gcc/arm-none-eabi/10.3.1/../../../../arm-none-eabi/lib/thumb/v7e-m+fp/hard\libc_nano.a
END GROUP
START GROUP
LOAD c:/tool/gcc-arm-none-eabi-10.3-2021.10/bin/../lib/gcc/arm-none-eabi/10.3.1/thumb/v7e-m+fp/hard\libgcc.a
LOAD c:/tool/gcc-arm-none-eabi-10.3-2021.10/bin/../lib/gcc/arm-none-eabi/10.3.1/../../../../arm-none-eabi/lib/thumb/v7e-m+fp/hard\libc_nano.a
END GROUP
LOAD c:/tool/gcc-arm-none-eabi-10.3-2021.10/bin/../lib/gcc/arm-none-eabi/10.3.1/thumb/v7e-m+fp/hard/crtend.o
LOAD c:/tool/gcc-arm-none-eabi-10.3-2021.10/bin/../lib/gcc/arm-none-eabi/10.3.1/thumb/v7e-m+fp/hard/crtn.o
                0x20020000                _estack = (ORIGIN (RAM) + LENGTH (RAM))
                0x00000200                _Min_Heap_Size = 0x200
                0x00001400                _Min_Stack_Size = 0x1400

.isr_vector     0x08000000      0x188
                0x08000000                . = ALIGN (0x4)
 *(.isr_vector)
 .isr_vector    0x08000000      0x188 CMakeFiles/stm32f407zg_fh_boot.dir/startup_stm32f407xx.s.obj
                0x08000000                g_pfnVectors
                0x08000188                . = ALIGN (0x4)

.text           0x08000188     0x3588
                0x08000188                . = ALIGN (0x4)
 *(.text)
 .text          0x08000188       0x40 c:/tool/gcc-arm-none-eabi-10.3-2021.10/bin/../lib/gcc/arm-none-eabi/10.3.1/thumb/v7e-m+fp/hard/crtbegin.o
 .text          0x080001c8       0x30 c:/tool/gcc-arm-none-eabi-10.3-2021.10/bin/../lib/gcc/arm-none-eabi/10.3.1/thumb/v7e-m+fp/hard\libgcc.a(_aeabi_uldivmod.o)
                0x080001c8                __aeabi_uldivmod
 .text          0x080001f8      0x2d0 c:/tool/gcc-arm-none-eabi-10.3-2021.10/bin/../lib/gcc/arm-none-eabi/10.3.1/thumb/v7e-m+fp/hard\libgcc.a(_udivmoddi4.o)
                0x080001f8                __udivmoddi4
 .text          0x080004c8        0x4 c:/tool/gcc-arm-none-eabi-10.3-2021.10/bin/../lib/gcc/arm-none-eabi/10.3.1/thumb/v7e-m+fp/hard\libgcc.a(_dvmd_tls.o)
                0x080004c8                __aeabi_idiv0
                0x080004c8                __aeabi_ldiv0
 *(.text*)
 .text.__libc_init_array
                0x080004cc       0x48 c:/tool/gcc-arm-none-eabi-10.3-2021.10/bin/../lib/gcc/arm-none-eabi/10.3.1/../../../../arm-none-eabi/lib/thumb/v7e-m+fp/hard\libc_nano.a(lib_a-init.o)
                0x080004cc                __libc_init_array
 .text.memset   0x08000514       0x10 c:/tool/gcc-arm-none-eabi-10.3-2021.10/bin/../lib/gcc/arm-none-eabi/10.3.1/../../../../arm-none-eabi/lib/thumb/v7e-m+fp/hard\libc_nano.a(lib_a-memset.o)
                0x08000514                memset
 .text.HAL_UART_RxCpltCallback
                0x08000524       0x40 CMakeFiles/stm32f407zg_fh_boot.dir/fh_bootloader/fh_bootloader.c.obj
                0x08000524                HAL_UART_RxCpltCallback
 .text.fh_bl_update_check
                0x08000564       0x10 CMakeFiles/stm32f407zg_fh_boot.dir/fh_bootloader/fh_bootloader.c.obj
                0x08000564                fh_bl_update_check
 .text.fh_bl_ack
                0x08000574       0x4c CMakeFiles/stm32f407zg_fh_boot.dir/fh_bootloader/fh_bootloader.c.obj
 .text.stm32_flash_write
                0x080005c0       0x66 CMakeFiles/stm32f407zg_fh_boot.dir/fh_bootloader/fh_bootloader.c.obj
                0x080005c0                stm32_flash_write
 *fill*         0x08000626        0x2 
 .text.fh_bl_flash_write
                0x08000628       0xe4 CMakeFiles/stm32f407zg_fh_boot.dir/fh_bootloader/fh_bootloader.c.obj
                0x08000628                fh_bl_flash_write
 .text.fh_bl_clear_app
                0x0800070c       0x62 CMakeFiles/stm32f407zg_fh_boot.dir/fh_bootloader/fh_bootloader.c.obj
                0x0800070c                fh_bl_clear_app
 *fill*         0x0800076e        0x2 
 .text.fh_bl_update
                0x08000770       0x88 CMakeFiles/stm32f407zg_fh_boot.dir/fh_bootloader/fh_bootloader.c.obj
                0x08000770                fh_bl_update
 .text.fh_bl_jmp_to_app
                0x080007f8       0x32 CMakeFiles/stm32f407zg_fh_boot.dir/fh_bootloader/fh_bootloader.c.obj
                0x080007f8                fh_bl_jmp_to_app
 *fill*         0x0800082a        0x2 
 .text.fh_bl_boot
                0x0800082c       0x2c CMakeFiles/stm32f407zg_fh_boot.dir/fh_bootloader/fh_bootloader.c.obj
                0x0800082c                fh_bl_boot
 .text.RingBuff_Init
                0x08000858       0x26 CMakeFiles/stm32f407zg_fh_boot.dir/fh_ringbuff/ringbuff.c.obj
                0x08000858                RingBuff_Init
 .text.Write_RingBuff
                0x0800087e       0x56 CMakeFiles/stm32f407zg_fh_boot.dir/fh_ringbuff/ringbuff.c.obj
                0x0800087e                Write_RingBuff
 .text.Read_RingBuff
                0x080008d4       0x56 CMakeFiles/stm32f407zg_fh_boot.dir/fh_ringbuff/ringbuff.c.obj
                0x080008d4                Read_RingBuff
 .text.fh_stream_pack
                0x0800092a       0x50 CMakeFiles/stm32f407zg_fh_boot.dir/fh_stream/fh_stream.c.obj
                0x0800092a                fh_stream_pack
 .text.fh_stream_crc
                0x0800097a       0x1a CMakeFiles/stm32f407zg_fh_boot.dir/fh_stream/fh_stream.c.obj
 .text.fh_state_idle
                0x08000994       0x40 CMakeFiles/stm32f407zg_fh_boot.dir/fh_stream/fh_stream.c.obj
 .text.fh_state_tag
                0x080009d4       0x2c CMakeFiles/stm32f407zg_fh_boot.dir/fh_stream/fh_stream.c.obj
 .text.fh_state_length
                0x08000a00       0x2c CMakeFiles/stm32f407zg_fh_boot.dir/fh_stream/fh_stream.c.obj
 .text.fh_state_value
                0x08000a2c       0x4c CMakeFiles/stm32f407zg_fh_boot.dir/fh_stream/fh_stream.c.obj
 .text.fh_state_crc
                0x08000a78       0x58 CMakeFiles/stm32f407zg_fh_boot.dir/fh_stream/fh_stream.c.obj
 .text.fh_stream_unpack
                0x08000ad0       0x54 CMakeFiles/stm32f407zg_fh_boot.dir/fh_stream/fh_stream.c.obj
                0x08000ad0                fh_stream_unpack
 .text.main     0x08000b24       0x50 CMakeFiles/stm32f407zg_fh_boot.dir/Core/Src/main.c.obj
                0x08000b24                main
 .text.SystemClock_Config
                0x08000b74       0xd4 CMakeFiles/stm32f407zg_fh_boot.dir/Core/Src/main.c.obj
                0x08000b74                SystemClock_Config
 .text.Error_Handler
                0x08000c48        0xa CMakeFiles/stm32f407zg_fh_boot.dir/Core/Src/main.c.obj
                0x08000c48                Error_Handler
 *fill*         0x08000c52        0x2 
 .text.MX_GPIO_Init
                0x08000c54       0x50 CMakeFiles/stm32f407zg_fh_boot.dir/Core/Src/gpio.c.obj
                0x08000c54                MX_GPIO_Init
 .text.MX_USART1_UART_Init
                0x08000ca4       0x54 CMakeFiles/stm32f407zg_fh_boot.dir/Core/Src/usart.c.obj
                0x08000ca4                MX_USART1_UART_Init
 .text.MX_USART3_UART_Init
                0x08000cf8       0x54 CMakeFiles/stm32f407zg_fh_boot.dir/Core/Src/usart.c.obj
                0x08000cf8                MX_USART3_UART_Init
 .text.HAL_UART_MspInit
                0x08000d4c      0x120 CMakeFiles/stm32f407zg_fh_boot.dir/Core/Src/usart.c.obj
                0x08000d4c                HAL_UART_MspInit
 .text.NMI_Handler
                0x08000e6c        0x6 CMakeFiles/stm32f407zg_fh_boot.dir/Core/Src/stm32f4xx_it.c.obj
                0x08000e6c                NMI_Handler
 .text.HardFault_Handler
                0x08000e72        0x6 CMakeFiles/stm32f407zg_fh_boot.dir/Core/Src/stm32f4xx_it.c.obj
                0x08000e72                HardFault_Handler
 .text.MemManage_Handler
                0x08000e78        0x6 CMakeFiles/stm32f407zg_fh_boot.dir/Core/Src/stm32f4xx_it.c.obj
                0x08000e78                MemManage_Handler
 .text.BusFault_Handler
                0x08000e7e        0x6 CMakeFiles/stm32f407zg_fh_boot.dir/Core/Src/stm32f4xx_it.c.obj
                0x08000e7e                BusFault_Handler
 .text.UsageFault_Handler
                0x08000e84        0x6 CMakeFiles/stm32f407zg_fh_boot.dir/Core/Src/stm32f4xx_it.c.obj
                0x08000e84                UsageFault_Handler
 .text.SVC_Handler
                0x08000e8a        0xe CMakeFiles/stm32f407zg_fh_boot.dir/Core/Src/stm32f4xx_it.c.obj
                0x08000e8a                SVC_Handler
 .text.DebugMon_Handler
                0x08000e98        0xe CMakeFiles/stm32f407zg_fh_boot.dir/Core/Src/stm32f4xx_it.c.obj
                0x08000e98                DebugMon_Handler
 .text.PendSV_Handler
                0x08000ea6        0xe CMakeFiles/stm32f407zg_fh_boot.dir/Core/Src/stm32f4xx_it.c.obj
                0x08000ea6                PendSV_Handler
 .text.SysTick_Handler
                0x08000eb4        0xc CMakeFiles/stm32f407zg_fh_boot.dir/Core/Src/stm32f4xx_it.c.obj
                0x08000eb4                SysTick_Handler
 .text.USART1_IRQHandler
                0x08000ec0       0x14 CMakeFiles/stm32f407zg_fh_boot.dir/Core/Src/stm32f4xx_it.c.obj
                0x08000ec0                USART1_IRQHandler
 .text.USART3_IRQHandler
                0x08000ed4       0x14 CMakeFiles/stm32f407zg_fh_boot.dir/Core/Src/stm32f4xx_it.c.obj
                0x08000ed4                USART3_IRQHandler
 .text.HAL_MspInit
                0x08000ee8       0x50 CMakeFiles/stm32f407zg_fh_boot.dir/Core/Src/stm32f4xx_hal_msp.c.obj
                0x08000ee8                HAL_MspInit
 .text.HAL_UART_Init
                0x08000f38       0xa0 CMakeFiles/stm32f407zg_fh_boot.dir/Drivers/STM32F4xx_HAL_Driver/Src/stm32f4xx_hal_uart.c.obj
                0x08000f38                HAL_UART_Init
 .text.HAL_UART_Transmit
                0x08000fd8      0x116 CMakeFiles/stm32f407zg_fh_boot.dir/Drivers/STM32F4xx_HAL_Driver/Src/stm32f4xx_hal_uart.c.obj
                0x08000fd8                HAL_UART_Transmit
 .text.HAL_UART_Receive_IT
                0x080010ee       0x4a CMakeFiles/stm32f407zg_fh_boot.dir/Drivers/STM32F4xx_HAL_Driver/Src/stm32f4xx_hal_uart.c.obj
                0x080010ee                HAL_UART_Receive_IT
 .text.HAL_UART_IRQHandler
                0x08001138      0x554 CMakeFiles/stm32f407zg_fh_boot.dir/Drivers/STM32F4xx_HAL_Driver/Src/stm32f4xx_hal_uart.c.obj
                0x08001138                HAL_UART_IRQHandler
 .text.HAL_UART_TxCpltCallback
                0x0800168c       0x14 CMakeFiles/stm32f407zg_fh_boot.dir/Drivers/STM32F4xx_HAL_Driver/Src/stm32f4xx_hal_uart.c.obj
                0x0800168c                HAL_UART_TxCpltCallback
 .text.HAL_UART_ErrorCallback
                0x080016a0       0x14 CMakeFiles/stm32f407zg_fh_boot.dir/Drivers/STM32F4xx_HAL_Driver/Src/stm32f4xx_hal_uart.c.obj
                0x080016a0                HAL_UART_ErrorCallback
 .text.HAL_UARTEx_RxEventCallback
                0x080016b4       0x18 CMakeFiles/stm32f407zg_fh_boot.dir/Drivers/STM32F4xx_HAL_Driver/Src/stm32f4xx_hal_uart.c.obj
                0x080016b4                HAL_UARTEx_RxEventCallback
 .text.UART_WaitOnFlagUntilTimeout
                0x080016cc       0xb2 CMakeFiles/stm32f407zg_fh_boot.dir/Drivers/STM32F4xx_HAL_Driver/Src/stm32f4xx_hal_uart.c.obj
 .text.UART_Start_Receive_IT
                0x0800177e       0x74 CMakeFiles/stm32f407zg_fh_boot.dir/Drivers/STM32F4xx_HAL_Driver/Src/stm32f4xx_hal_uart.c.obj
                0x0800177e                UART_Start_Receive_IT
 .text.UART_EndRxTransfer
                0x080017f2       0xc6 CMakeFiles/stm32f407zg_fh_boot.dir/Drivers/STM32F4xx_HAL_Driver/Src/stm32f4xx_hal_uart.c.obj
 .text.UART_DMAAbortOnError
                0x080018b8       0x22 CMakeFiles/stm32f407zg_fh_boot.dir/Drivers/STM32F4xx_HAL_Driver/Src/stm32f4xx_hal_uart.c.obj
 .text.UART_Transmit_IT
                0x080018da       0xa0 CMakeFiles/stm32f407zg_fh_boot.dir/Drivers/STM32F4xx_HAL_Driver/Src/stm32f4xx_hal_uart.c.obj
 .text.UART_EndTransmit_IT
                0x0800197a       0x30 CMakeFiles/stm32f407zg_fh_boot.dir/Drivers/STM32F4xx_HAL_Driver/Src/stm32f4xx_hal_uart.c.obj
 .text.UART_Receive_IT
                0x080019aa      0x17c CMakeFiles/stm32f407zg_fh_boot.dir/Drivers/STM32F4xx_HAL_Driver/Src/stm32f4xx_hal_uart.c.obj
 *fill*         0x08001b26        0x2 
 .text.UART_SetConfig
                0x08001b28      0x4e8 CMakeFiles/stm32f407zg_fh_boot.dir/Drivers/STM32F4xx_HAL_Driver/Src/stm32f4xx_hal_uart.c.obj
 .text.HAL_RCC_OscConfig
                0x08002010      0x4f0 CMakeFiles/stm32f407zg_fh_boot.dir/Drivers/STM32F4xx_HAL_Driver/Src/stm32f4xx_hal_rcc.c.obj
                0x08002010                HAL_RCC_OscConfig
 .text.HAL_RCC_ClockConfig
                0x08002500      0x1cc CMakeFiles/stm32f407zg_fh_boot.dir/Drivers/STM32F4xx_HAL_Driver/Src/stm32f4xx_hal_rcc.c.obj
                0x08002500                HAL_RCC_ClockConfig
 .text.HAL_RCC_GetSysClockFreq
                0x080026cc      0x18c CMakeFiles/stm32f407zg_fh_boot.dir/Drivers/STM32F4xx_HAL_Driver/Src/stm32f4xx_hal_rcc.c.obj
                0x080026cc                HAL_RCC_GetSysClockFreq
 .text.HAL_RCC_GetHCLKFreq
                0x08002858       0x18 CMakeFiles/stm32f407zg_fh_boot.dir/Drivers/STM32F4xx_HAL_Driver/Src/stm32f4xx_hal_rcc.c.obj
                0x08002858                HAL_RCC_GetHCLKFreq
 .text.HAL_RCC_GetPCLK1Freq
                0x08002870       0x28 CMakeFiles/stm32f407zg_fh_boot.dir/Drivers/STM32F4xx_HAL_Driver/Src/stm32f4xx_hal_rcc.c.obj
                0x08002870                HAL_RCC_GetPCLK1Freq
 .text.HAL_RCC_GetPCLK2Freq
                0x08002898       0x28 CMakeFiles/stm32f407zg_fh_boot.dir/Drivers/STM32F4xx_HAL_Driver/Src/stm32f4xx_hal_rcc.c.obj
                0x08002898                HAL_RCC_GetPCLK2Freq
 .text.HAL_FLASH_Program
                0x080028c0       0xa4 CMakeFiles/stm32f407zg_fh_boot.dir/Drivers/STM32F4xx_HAL_Driver/Src/stm32f4xx_hal_flash.c.obj
                0x080028c0                HAL_FLASH_Program
 .text.HAL_FLASH_Unlock
                0x08002964       0x44 CMakeFiles/stm32f407zg_fh_boot.dir/Drivers/STM32F4xx_HAL_Driver/Src/stm32f4xx_hal_flash.c.obj
                0x08002964                HAL_FLASH_Unlock
 .text.HAL_FLASH_Lock
                0x080029a8       0x20 CMakeFiles/stm32f407zg_fh_boot.dir/Drivers/STM32F4xx_HAL_Driver/Src/stm32f4xx_hal_flash.c.obj
                0x080029a8                HAL_FLASH_Lock
 .text.FLASH_WaitForLastOperation
                0x080029c8       0x80 CMakeFiles/stm32f407zg_fh_boot.dir/Drivers/STM32F4xx_HAL_Driver/Src/stm32f4xx_hal_flash.c.obj
                0x080029c8                FLASH_WaitForLastOperation
 .text.FLASH_Program_DoubleWord
                0x08002a48       0x64 CMakeFiles/stm32f407zg_fh_boot.dir/Drivers/STM32F4xx_HAL_Driver/Src/stm32f4xx_hal_flash.c.obj
 .text.FLASH_Program_Word
                0x08002aac       0x44 CMakeFiles/stm32f407zg_fh_boot.dir/Drivers/STM32F4xx_HAL_Driver/Src/stm32f4xx_hal_flash.c.obj
 .text.FLASH_Program_HalfWord
                0x08002af0       0x48 CMakeFiles/stm32f407zg_fh_boot.dir/Drivers/STM32F4xx_HAL_Driver/Src/stm32f4xx_hal_flash.c.obj
 .text.FLASH_Program_Byte
                0x08002b38       0x44 CMakeFiles/stm32f407zg_fh_boot.dir/Drivers/STM32F4xx_HAL_Driver/Src/stm32f4xx_hal_flash.c.obj
 .text.FLASH_SetErrorCode
                0x08002b7c       0xac CMakeFiles/stm32f407zg_fh_boot.dir/Drivers/STM32F4xx_HAL_Driver/Src/stm32f4xx_hal_flash.c.obj
 .text.HAL_FLASHEx_Erase
                0x08002c28       0xdc CMakeFiles/stm32f407zg_fh_boot.dir/Drivers/STM32F4xx_HAL_Driver/Src/stm32f4xx_hal_flash_ex.c.obj
                0x08002c28                HAL_FLASHEx_Erase
 .text.FLASH_MassErase
                0x08002d04       0x48 CMakeFiles/stm32f407zg_fh_boot.dir/Drivers/STM32F4xx_HAL_Driver/Src/stm32f4xx_hal_flash_ex.c.obj
 .text.FLASH_Erase_Sector
                0x08002d4c       0x90 CMakeFiles/stm32f407zg_fh_boot.dir/Drivers/STM32F4xx_HAL_Driver/Src/stm32f4xx_hal_flash_ex.c.obj
                0x08002d4c                FLASH_Erase_Sector
 .text.FLASH_FlushCaches
                0x08002ddc       0x8c CMakeFiles/stm32f407zg_fh_boot.dir/Drivers/STM32F4xx_HAL_Driver/Src/stm32f4xx_hal_flash_ex.c.obj
                0x08002ddc                FLASH_FlushCaches
 .text.HAL_GPIO_Init
                0x08002e68      0x338 CMakeFiles/stm32f407zg_fh_boot.dir/Drivers/STM32F4xx_HAL_Driver/Src/stm32f4xx_hal_gpio.c.obj
                0x08002e68                HAL_GPIO_Init
 .text.HAL_DMA_Abort
                0x080031a0       0xe0 CMakeFiles/stm32f407zg_fh_boot.dir/Drivers/STM32F4xx_HAL_Driver/Src/stm32f4xx_hal_dma.c.obj
                0x080031a0                HAL_DMA_Abort
 .text.HAL_DMA_Abort_IT
                0x08003280       0x44 CMakeFiles/stm32f407zg_fh_boot.dir/Drivers/STM32F4xx_HAL_Driver/Src/stm32f4xx_hal_dma.c.obj
                0x08003280                HAL_DMA_Abort_IT
 .text.__NVIC_SetPriorityGrouping
                0x080032c4       0x48 CMakeFiles/stm32f407zg_fh_boot.dir/Drivers/STM32F4xx_HAL_Driver/Src/stm32f4xx_hal_cortex.c.obj
 .text.__NVIC_GetPriorityGrouping
                0x0800330c       0x1c CMakeFiles/stm32f407zg_fh_boot.dir/Drivers/STM32F4xx_HAL_Driver/Src/stm32f4xx_hal_cortex.c.obj
 .text.__NVIC_EnableIRQ
                0x08003328       0x3c CMakeFiles/stm32f407zg_fh_boot.dir/Drivers/STM32F4xx_HAL_Driver/Src/stm32f4xx_hal_cortex.c.obj
 .text.__NVIC_DisableIRQ
                0x08003364       0x48 CMakeFiles/stm32f407zg_fh_boot.dir/Drivers/STM32F4xx_HAL_Driver/Src/stm32f4xx_hal_cortex.c.obj
 .text.__NVIC_SetPriority
                0x080033ac       0x54 CMakeFiles/stm32f407zg_fh_boot.dir/Drivers/STM32F4xx_HAL_Driver/Src/stm32f4xx_hal_cortex.c.obj
 .text.NVIC_EncodePriority
                0x08003400       0x66 CMakeFiles/stm32f407zg_fh_boot.dir/Drivers/STM32F4xx_HAL_Driver/Src/stm32f4xx_hal_cortex.c.obj
 *fill*         0x08003466        0x2 
 .text.SysTick_Config
                0x08003468       0x44 CMakeFiles/stm32f407zg_fh_boot.dir/Drivers/STM32F4xx_HAL_Driver/Src/stm32f4xx_hal_cortex.c.obj
 .text.HAL_NVIC_SetPriorityGrouping
                0x080034ac       0x16 CMakeFiles/stm32f407zg_fh_boot.dir/Drivers/STM32F4xx_HAL_Driver/Src/stm32f4xx_hal_cortex.c.obj
                0x080034ac                HAL_NVIC_SetPriorityGrouping
 .text.HAL_NVIC_SetPriority
                0x080034c2       0x38 CMakeFiles/stm32f407zg_fh_boot.dir/Drivers/STM32F4xx_HAL_Driver/Src/stm32f4xx_hal_cortex.c.obj
                0x080034c2                HAL_NVIC_SetPriority
 .text.HAL_NVIC_EnableIRQ
                0x080034fa       0x1c CMakeFiles/stm32f407zg_fh_boot.dir/Drivers/STM32F4xx_HAL_Driver/Src/stm32f4xx_hal_cortex.c.obj
                0x080034fa                HAL_NVIC_EnableIRQ
 .text.HAL_NVIC_DisableIRQ
                0x08003516       0x1c CMakeFiles/stm32f407zg_fh_boot.dir/Drivers/STM32F4xx_HAL_Driver/Src/stm32f4xx_hal_cortex.c.obj
                0x08003516                HAL_NVIC_DisableIRQ
 .text.HAL_SYSTICK_Config
                0x08003532       0x18 CMakeFiles/stm32f407zg_fh_boot.dir/Drivers/STM32F4xx_HAL_Driver/Src/stm32f4xx_hal_cortex.c.obj
                0x08003532                HAL_SYSTICK_Config
 *fill*         0x0800354a        0x2 
 .text.HAL_Init
                0x0800354c       0x44 CMakeFiles/stm32f407zg_fh_boot.dir/Drivers/STM32F4xx_HAL_Driver/Src/stm32f4xx_hal.c.obj
                0x0800354c                HAL_Init
 .text.HAL_InitTick
                0x08003590       0x60 CMakeFiles/stm32f407zg_fh_boot.dir/Drivers/STM32F4xx_HAL_Driver/Src/stm32f4xx_hal.c.obj
                0x08003590                HAL_InitTick
 .text.HAL_IncTick
                0x080035f0       0x28 CMakeFiles/stm32f407zg_fh_boot.dir/Drivers/STM32F4xx_HAL_Driver/Src/stm32f4xx_hal.c.obj
                0x080035f0                HAL_IncTick
 .text.HAL_GetTick
                0x08003618       0x18 CMakeFiles/stm32f407zg_fh_boot.dir/Drivers/STM32F4xx_HAL_Driver/Src/stm32f4xx_hal.c.obj
                0x08003618                HAL_GetTick
 .text.SystemInit
                0x08003630       0x24 CMakeFiles/stm32f407zg_fh_boot.dir/Core/Src/system_stm32f4xx.c.obj
                0x08003630                SystemInit
 .text.Reset_Handler
                0x08003654       0x50 CMakeFiles/stm32f407zg_fh_boot.dir/startup_stm32f407xx.s.obj
                0x08003654                Reset_Handler
 .text.Default_Handler
                0x080036a4        0x2 CMakeFiles/stm32f407zg_fh_boot.dir/startup_stm32f407xx.s.obj
                0x080036a4                RTC_Alarm_IRQHandler
                0x080036a4                HASH_RNG_IRQHandler
                0x080036a4                EXTI2_IRQHandler
                0x080036a4                TIM8_CC_IRQHandler
                0x080036a4                TIM1_CC_IRQHandler
                0x080036a4                DMA2_Stream5_IRQHandler
                0x080036a4                DMA1_Stream5_IRQHandler
                0x080036a4                PVD_IRQHandler
                0x080036a4                SDIO_IRQHandler
                0x080036a4                TAMP_STAMP_IRQHandler
                0x080036a4                CAN2_RX1_IRQHandler
                0x080036a4                EXTI3_IRQHandler
                0x080036a4                TIM8_TRG_COM_TIM14_IRQHandler
                0x080036a4                TIM1_UP_TIM10_IRQHandler
                0x080036a4                TIM8_UP_TIM13_IRQHandler
                0x080036a4                I2C3_ER_IRQHandler
                0x080036a4                EXTI0_IRQHandler
                0x080036a4                I2C2_EV_IRQHandler
                0x080036a4                DMA1_Stream2_IRQHandler
                0x080036a4                CAN1_RX0_IRQHandler
                0x080036a4                FPU_IRQHandler
                0x080036a4                OTG_HS_WKUP_IRQHandler
                0x080036a4                CAN2_SCE_IRQHandler
                0x080036a4                DMA2_Stream2_IRQHandler
                0x080036a4                SPI1_IRQHandler
                0x080036a4                TIM6_DAC_IRQHandler
                0x080036a4                TIM1_BRK_TIM9_IRQHandler
                0x080036a4                DCMI_IRQHandler
                0x080036a4                CAN2_RX0_IRQHandler
                0x080036a4                DMA2_Stream3_IRQHandler
                0x080036a4                USART6_IRQHandler
                0x080036a4                CAN1_RX1_IRQHandler
                0x080036a4                UART5_IRQHandler
                0x080036a4                DMA2_Stream0_IRQHandler
                0x080036a4                TIM4_IRQHandler
                0x080036a4                I2C1_EV_IRQHandler
                0x080036a4                DMA1_Stream6_IRQHandler
                0x080036a4                DMA1_Stream1_IRQHandler
                0x080036a4                UART4_IRQHandler
                0x080036a4                TIM3_IRQHandler
                0x080036a4                RCC_IRQHandler
                0x080036a4                TIM8_BRK_TIM12_IRQHandler
                0x080036a4                Default_Handler
                0x080036a4                EXTI15_10_IRQHandler
                0x080036a4                ADC_IRQHandler
                0x080036a4                DMA1_Stream7_IRQHandler
                0x080036a4                TIM7_IRQHandler
                0x080036a4                CAN2_TX_IRQHandler
                0x080036a4                TIM5_IRQHandler
                0x080036a4                DMA2_Stream7_IRQHandler
                0x080036a4                I2C3_EV_IRQHandler
                0x080036a4                EXTI9_5_IRQHandler
                0x080036a4                RTC_WKUP_IRQHandler
                0x080036a4                ETH_WKUP_IRQHandler
                0x080036a4                SPI2_IRQHandler
                0x080036a4                OTG_HS_EP1_IN_IRQHandler
                0x080036a4                DMA1_Stream0_IRQHandler
                0x080036a4                CAN1_TX_IRQHandler
                0x080036a4                EXTI4_IRQHandler
                0x080036a4                FSMC_IRQHandler
                0x080036a4                ETH_IRQHandler
                0x080036a4                OTG_HS_EP1_OUT_IRQHandler
                0x080036a4                WWDG_IRQHandler
                0x080036a4                TIM2_IRQHandler
                0x080036a4                OTG_FS_WKUP_IRQHandler
                0x080036a4                TIM1_TRG_COM_TIM11_IRQHandler
                0x080036a4                OTG_HS_IRQHandler
                0x080036a4                EXTI1_IRQHandler
                0x080036a4                USART2_IRQHandler
                0x080036a4                I2C2_ER_IRQHandler
                0x080036a4                DMA2_Stream1_IRQHandler
                0x080036a4                CAN1_SCE_IRQHandler
                0x080036a4                FLASH_IRQHandler
                0x080036a4                DMA2_Stream4_IRQHandler
                0x080036a4                OTG_FS_IRQHandler
                0x080036a4                SPI3_IRQHandler
                0x080036a4                DMA1_Stream4_IRQHandler
                0x080036a4                I2C1_ER_IRQHandler
                0x080036a4                DMA2_Stream6_IRQHandler
                0x080036a4                DMA1_Stream3_IRQHandler
 .text.memcpy   0x080036a6       0x1c c:/tool/gcc-arm-none-eabi-10.3-2021.10/bin/../lib/gcc/arm-none-eabi/10.3.1/../../../../arm-none-eabi/lib/thumb/v7e-m+fp/hard\libg_nano.a(lib_a-memcpy-stub.o)
                0x080036a6                memcpy
 .text.memmove  0x080036c2       0x34 c:/tool/gcc-arm-none-eabi-10.3-2021.10/bin/../lib/gcc/arm-none-eabi/10.3.1/../../../../arm-none-eabi/lib/thumb/v7e-m+fp/hard\libg_nano.a(lib_a-memmove.o)
                0x080036c2                memmove
 *(.glue_7)
 .glue_7        0x080036f6        0x0 linker stubs
 *(.glue_7t)
 .glue_7t       0x080036f6        0x0 linker stubs
 *(.eh_frame)
 *fill*         0x080036f6        0x2 
 .eh_frame      0x080036f8        0x0 c:/tool/gcc-arm-none-eabi-10.3-2021.10/bin/../lib/gcc/arm-none-eabi/10.3.1/thumb/v7e-m+fp/hard/crtbegin.o
 *(.init)
 .init          0x080036f8        0x4 c:/tool/gcc-arm-none-eabi-10.3-2021.10/bin/../lib/gcc/arm-none-eabi/10.3.1/thumb/v7e-m+fp/hard/crti.o
                0x080036f8                _init
 .init          0x080036fc        0x8 c:/tool/gcc-arm-none-eabi-10.3-2021.10/bin/../lib/gcc/arm-none-eabi/10.3.1/thumb/v7e-m+fp/hard/crtn.o
 *(.fini)
 .fini          0x08003704        0x4 c:/tool/gcc-arm-none-eabi-10.3-2021.10/bin/../lib/gcc/arm-none-eabi/10.3.1/thumb/v7e-m+fp/hard/crti.o
                0x08003704                _fini
 .fini          0x08003708        0x8 c:/tool/gcc-arm-none-eabi-10.3-2021.10/bin/../lib/gcc/arm-none-eabi/10.3.1/thumb/v7e-m+fp/hard/crtn.o
                0x08003710                . = ALIGN (0x4)
                0x08003710                _etext = .

.vfp11_veneer   0x08003710        0x0
 .vfp11_veneer  0x08003710        0x0 linker stubs

.v4_bx          0x08003710        0x0
 .v4_bx         0x08003710        0x0 linker stubs

.iplt           0x08003710        0x0
 .iplt          0x08003710        0x0 c:/tool/gcc-arm-none-eabi-10.3-2021.10/bin/../lib/gcc/arm-none-eabi/10.3.1/thumb/v7e-m+fp/hard/crtbegin.o

.rodata         0x08003710       0x3c
                0x08003710                . = ALIGN (0x4)
 *(.rodata)
 .rodata        0x08003710        0xd CMakeFiles/stm32f407zg_fh_boot.dir/Core/Src/main.c.obj
 *(.rodata*)
 *fill*         0x0800371d        0x3 
 .rodata.state_handlers
                0x08003720       0x14 CMakeFiles/stm32f407zg_fh_boot.dir/fh_stream/fh_stream.c.obj
 .rodata.AHBPrescTable
                0x08003734       0x10 CMakeFiles/stm32f407zg_fh_boot.dir/Core/Src/system_stm32f4xx.c.obj
                0x08003734                AHBPrescTable
 .rodata.APBPrescTable
                0x08003744        0x8 CMakeFiles/stm32f407zg_fh_boot.dir/Core/Src/system_stm32f4xx.c.obj
                0x08003744                APBPrescTable
                0x0800374c                . = ALIGN (0x4)

.ARM.extab
 *(.ARM.extab* .gnu.linkonce.armextab.*)

.ARM            0x0800374c        0x8
                0x0800374c                __exidx_start = .
 *(.ARM.exidx*)
 .ARM.exidx     0x0800374c        0x8 c:/tool/gcc-arm-none-eabi-10.3-2021.10/bin/../lib/gcc/arm-none-eabi/10.3.1/thumb/v7e-m+fp/hard\libgcc.a(_udivmoddi4.o)
                0x08003754                __exidx_end = .

.rel.dyn        0x08003754        0x0
 .rel.iplt      0x08003754        0x0 c:/tool/gcc-arm-none-eabi-10.3-2021.10/bin/../lib/gcc/arm-none-eabi/10.3.1/thumb/v7e-m+fp/hard/crtbegin.o

.preinit_array  0x08003754        0x0
                0x08003754                PROVIDE (__preinit_array_start = .)
 *(.preinit_array*)
                0x08003754                PROVIDE (__preinit_array_end = .)

.init_array     0x08003754        0x4
                0x08003754                PROVIDE (__init_array_start = .)
 *(SORT_BY_NAME(.init_array.*))
 *(.init_array*)
 .init_array    0x08003754        0x4 c:/tool/gcc-arm-none-eabi-10.3-2021.10/bin/../lib/gcc/arm-none-eabi/10.3.1/thumb/v7e-m+fp/hard/crtbegin.o
                0x08003758                PROVIDE (__init_array_end = .)

.fini_array     0x08003758        0x4
                [!provide]                PROVIDE (__fini_array_start = .)
 *(SORT_BY_NAME(.fini_array.*))
 *(.fini_array*)
 .fini_array    0x08003758        0x4 c:/tool/gcc-arm-none-eabi-10.3-2021.10/bin/../lib/gcc/arm-none-eabi/10.3.1/thumb/v7e-m+fp/hard/crtbegin.o
                [!provide]                PROVIDE (__fini_array_end = .)
                0x0800375c                _sidata = LOADADDR (.data)

.data           0x20000000       0x34 load address 0x0800375c
                0x20000000                . = ALIGN (0x4)
                0x20000000                _sdata = .
 *(.data)
 *(.data*)
 .data.flash_write_ptr.0
                0x20000000        0x4 CMakeFiles/stm32f407zg_fh_boot.dir/fh_bootloader/fh_bootloader.c.obj
 .data.rx_context
                0x20000004        0x4 CMakeFiles/stm32f407zg_fh_boot.dir/fh_stream/fh_stream.c.obj
 .data.pFlash   0x20000008       0x20 CMakeFiles/stm32f407zg_fh_boot.dir/Drivers/STM32F4xx_HAL_Driver/Src/stm32f4xx_hal_flash.c.obj
                0x20000008                pFlash
 .data.uwTickPrio
                0x20000028        0x4 CMakeFiles/stm32f407zg_fh_boot.dir/Drivers/STM32F4xx_HAL_Driver/Src/stm32f4xx_hal.c.obj
                0x20000028                uwTickPrio
 .data.uwTickFreq
                0x2000002c        0x1 CMakeFiles/stm32f407zg_fh_boot.dir/Drivers/STM32F4xx_HAL_Driver/Src/stm32f4xx_hal.c.obj
                0x2000002c                uwTickFreq
 *fill*         0x2000002d        0x3 
 .data.SystemCoreClock
                0x20000030        0x4 CMakeFiles/stm32f407zg_fh_boot.dir/Core/Src/system_stm32f4xx.c.obj
                0x20000030                SystemCoreClock
                0x20000034                . = ALIGN (0x4)
                0x20000034                _edata = .
                0x08003790                _siccmram = LOADADDR (.ccmram)

.igot.plt       0x20000034        0x0 load address 0x08003790
 .igot.plt      0x20000034        0x0 c:/tool/gcc-arm-none-eabi-10.3-2021.10/bin/../lib/gcc/arm-none-eabi/10.3.1/thumb/v7e-m+fp/hard/crtbegin.o

.ccmram         0x10000000        0x0 load address 0x08003790
                0x10000000                . = ALIGN (0x4)
                0x10000000                _sccmram = .
 *(.ccmram)
 *(.ccmram*)
                0x10000000                . = ALIGN (0x4)
                0x10000000                _eccmram = .
                0x10000000                . = ALIGN (0x4)

.bss            0x20000034      0x6c8
                0x20000034                _sbss = .
                0x20000034                __bss_start__ = _sbss
 *(.bss)
 .bss           0x20000034       0x1c c:/tool/gcc-arm-none-eabi-10.3-2021.10/bin/../lib/gcc/arm-none-eabi/10.3.1/thumb/v7e-m+fp/hard/crtbegin.o
 *(.bss*)
 .bss.Uart3_RingBuff
                0x20000050      0x106 CMakeFiles/stm32f407zg_fh_boot.dir/fh_bootloader/fh_bootloader.c.obj
                0x20000050                Uart3_RingBuff
 .bss.rxbuf_u3  0x20000156        0x1 CMakeFiles/stm32f407zg_fh_boot.dir/fh_bootloader/fh_bootloader.c.obj
                0x20000156                rxbuf_u3
 *fill*         0x20000157        0x1 
 .bss.pack_id   0x20000158        0x4 CMakeFiles/stm32f407zg_fh_boot.dir/fh_bootloader/fh_bootloader.c.obj
                0x20000158                pack_id
 .bss.write_ptr.2
                0x2000015c        0x2 CMakeFiles/stm32f407zg_fh_boot.dir/fh_bootloader/fh_bootloader.c.obj
 *fill*         0x2000015e        0x2 
 .bss.write_buff.1
                0x20000160      0x400 CMakeFiles/stm32f407zg_fh_boot.dir/fh_bootloader/fh_bootloader.c.obj
 .bss.fream_buff
                0x20000560      0x106 CMakeFiles/stm32f407zg_fh_boot.dir/fh_stream/fh_stream.c.obj
 *fill*         0x20000666        0x2 
 .bss.huart1    0x20000668       0x48 CMakeFiles/stm32f407zg_fh_boot.dir/Core/Src/usart.c.obj
                0x20000668                huart1
 .bss.huart3    0x200006b0       0x48 CMakeFiles/stm32f407zg_fh_boot.dir/Core/Src/usart.c.obj
                0x200006b0                huart3
 .bss.uwTick    0x200006f8        0x4 CMakeFiles/stm32f407zg_fh_boot.dir/Drivers/STM32F4xx_HAL_Driver/Src/stm32f4xx_hal.c.obj
                0x200006f8                uwTick
 *(COMMON)
                0x200006fc                . = ALIGN (0x4)
                0x200006fc                _ebss = .
                0x200006fc                __bss_end__ = _ebss

._user_heap_stack
                0x200006fc     0x1604
                0x20000700                . = ALIGN (0x8)
 *fill*         0x200006fc        0x4 
                [!provide]                PROVIDE (end = .)
                0x20000700                PROVIDE (_end = .)
                0x20000900                . = (. + _Min_Heap_Size)
 *fill*         0x20000700      0x200 
                0x20001d00                . = (. + _Min_Stack_Size)
 *fill*         0x20000900     0x1400 
                0x20001d00                . = ALIGN (0x8)

/DISCARD/
 libc.a(*)
 libm.a(*)
 libgcc.a(*)
OUTPUT(stm32f407zg_fh_boot.elf elf32-littlearm)
LOAD linker stubs
LOAD c:/tool/gcc-arm-none-eabi-10.3-2021.10/bin/../lib/gcc/arm-none-eabi/10.3.1/../../../../arm-none-eabi/lib/thumb/v7e-m+fp/hard\libc.a
LOAD c:/tool/gcc-arm-none-eabi-10.3-2021.10/bin/../lib/gcc/arm-none-eabi/10.3.1/../../../../arm-none-eabi/lib/thumb/v7e-m+fp/hard\libm.a
LOAD c:/tool/gcc-arm-none-eabi-10.3-2021.10/bin/../lib/gcc/arm-none-eabi/10.3.1/thumb/v7e-m+fp/hard\libgcc.a

.ARM.attributes
                0x00000000       0x30
 .ARM.attributes
                0x00000000       0x1e c:/tool/gcc-arm-none-eabi-10.3-2021.10/bin/../lib/gcc/arm-none-eabi/10.3.1/thumb/v7e-m+fp/hard/crti.o
 .ARM.attributes
                0x0000001e       0x34 c:/tool/gcc-arm-none-eabi-10.3-2021.10/bin/../lib/gcc/arm-none-eabi/10.3.1/thumb/v7e-m+fp/hard/crtbegin.o
 .ARM.attributes
                0x00000052       0x34 c:/tool/gcc-arm-none-eabi-10.3-2021.10/bin/../lib/gcc/arm-none-eabi/10.3.1/../../../../arm-none-eabi/lib/thumb/v7e-m+fp/hard\libc_nano.a(lib_a-init.o)
 .ARM.attributes
                0x00000086       0x34 c:/tool/gcc-arm-none-eabi-10.3-2021.10/bin/../lib/gcc/arm-none-eabi/10.3.1/../../../../arm-none-eabi/lib/thumb/v7e-m+fp/hard\libc_nano.a(lib_a-memset.o)
 .ARM.attributes
                0x000000ba       0x34 CMakeFiles/stm32f407zg_fh_boot.dir/fh_bootloader/fh_bootloader.c.obj
 .ARM.attributes
                0x000000ee       0x34 CMakeFiles/stm32f407zg_fh_boot.dir/fh_ringbuff/ringbuff.c.obj
 .ARM.attributes
                0x00000122       0x34 CMakeFiles/stm32f407zg_fh_boot.dir/fh_stream/fh_stream.c.obj
 .ARM.attributes
                0x00000156       0x34 CMakeFiles/stm32f407zg_fh_boot.dir/Core/Src/main.c.obj
 .ARM.attributes
                0x0000018a       0x34 CMakeFiles/stm32f407zg_fh_boot.dir/Core/Src/gpio.c.obj
 .ARM.attributes
                0x000001be       0x34 CMakeFiles/stm32f407zg_fh_boot.dir/Core/Src/usart.c.obj
 .ARM.attributes
                0x000001f2       0x34 CMakeFiles/stm32f407zg_fh_boot.dir/Core/Src/stm32f4xx_it.c.obj
 .ARM.attributes
                0x00000226       0x34 CMakeFiles/stm32f407zg_fh_boot.dir/Core/Src/stm32f4xx_hal_msp.c.obj
 .ARM.attributes
                0x0000025a       0x34 CMakeFiles/stm32f407zg_fh_boot.dir/Drivers/STM32F4xx_HAL_Driver/Src/stm32f4xx_hal_uart.c.obj
 .ARM.attributes
                0x0000028e       0x34 CMakeFiles/stm32f407zg_fh_boot.dir/Drivers/STM32F4xx_HAL_Driver/Src/stm32f4xx_hal_rcc.c.obj
 .ARM.attributes
                0x000002c2       0x34 CMakeFiles/stm32f407zg_fh_boot.dir/Drivers/STM32F4xx_HAL_Driver/Src/stm32f4xx_hal_flash.c.obj
 .ARM.attributes
                0x000002f6       0x34 CMakeFiles/stm32f407zg_fh_boot.dir/Drivers/STM32F4xx_HAL_Driver/Src/stm32f4xx_hal_flash_ex.c.obj
 .ARM.attributes
                0x0000032a       0x34 CMakeFiles/stm32f407zg_fh_boot.dir/Drivers/STM32F4xx_HAL_Driver/Src/stm32f4xx_hal_gpio.c.obj
 .ARM.attributes
                0x0000035e       0x34 CMakeFiles/stm32f407zg_fh_boot.dir/Drivers/STM32F4xx_HAL_Driver/Src/stm32f4xx_hal_dma.c.obj
 .ARM.attributes
                0x00000392       0x34 CMakeFiles/stm32f407zg_fh_boot.dir/Drivers/STM32F4xx_HAL_Driver/Src/stm32f4xx_hal_cortex.c.obj
 .ARM.attributes
                0x000003c6       0x34 CMakeFiles/stm32f407zg_fh_boot.dir/Drivers/STM32F4xx_HAL_Driver/Src/stm32f4xx_hal.c.obj
 .ARM.attributes
                0x000003fa       0x34 CMakeFiles/stm32f407zg_fh_boot.dir/Core/Src/system_stm32f4xx.c.obj
 .ARM.attributes
                0x0000042e       0x21 CMakeFiles/stm32f407zg_fh_boot.dir/startup_stm32f407xx.s.obj
 .ARM.attributes
                0x0000044f       0x1e c:/tool/gcc-arm-none-eabi-10.3-2021.10/bin/../lib/gcc/arm-none-eabi/10.3.1/thumb/v7e-m+fp/hard\libgcc.a(_aeabi_uldivmod.o)
 .ARM.attributes
                0x0000046d       0x34 c:/tool/gcc-arm-none-eabi-10.3-2021.10/bin/../lib/gcc/arm-none-eabi/10.3.1/thumb/v7e-m+fp/hard\libgcc.a(_udivmoddi4.o)
 .ARM.attributes
                0x000004a1       0x1e c:/tool/gcc-arm-none-eabi-10.3-2021.10/bin/../lib/gcc/arm-none-eabi/10.3.1/thumb/v7e-m+fp/hard\libgcc.a(_dvmd_tls.o)
 .ARM.attributes
                0x000004bf       0x34 c:/tool/gcc-arm-none-eabi-10.3-2021.10/bin/../lib/gcc/arm-none-eabi/10.3.1/../../../../arm-none-eabi/lib/thumb/v7e-m+fp/hard\libg_nano.a(lib_a-memcpy-stub.o)
 .ARM.attributes
                0x000004f3       0x34 c:/tool/gcc-arm-none-eabi-10.3-2021.10/bin/../lib/gcc/arm-none-eabi/10.3.1/../../../../arm-none-eabi/lib/thumb/v7e-m+fp/hard\libg_nano.a(lib_a-memmove.o)
 .ARM.attributes
                0x00000527       0x1e c:/tool/gcc-arm-none-eabi-10.3-2021.10/bin/../lib/gcc/arm-none-eabi/10.3.1/thumb/v7e-m+fp/hard/crtn.o

.comment        0x00000000       0x49
 .comment       0x00000000       0x49 CMakeFiles/stm32f407zg_fh_boot.dir/fh_bootloader/fh_bootloader.c.obj
                                 0x4a (size before relaxing)
 .comment       0x00000049       0x4a CMakeFiles/stm32f407zg_fh_boot.dir/fh_ringbuff/ringbuff.c.obj
 .comment       0x00000049       0x4a CMakeFiles/stm32f407zg_fh_boot.dir/fh_stream/fh_stream.c.obj
 .comment       0x00000049       0x4a CMakeFiles/stm32f407zg_fh_boot.dir/Core/Src/main.c.obj
 .comment       0x00000049       0x4a CMakeFiles/stm32f407zg_fh_boot.dir/Core/Src/gpio.c.obj
 .comment       0x00000049       0x4a CMakeFiles/stm32f407zg_fh_boot.dir/Core/Src/usart.c.obj
 .comment       0x00000049       0x4a CMakeFiles/stm32f407zg_fh_boot.dir/Core/Src/stm32f4xx_it.c.obj
 .comment       0x00000049       0x4a CMakeFiles/stm32f407zg_fh_boot.dir/Core/Src/stm32f4xx_hal_msp.c.obj
 .comment       0x00000049       0x4a CMakeFiles/stm32f407zg_fh_boot.dir/Drivers/STM32F4xx_HAL_Driver/Src/stm32f4xx_hal_uart.c.obj
 .comment       0x00000049       0x4a CMakeFiles/stm32f407zg_fh_boot.dir/Drivers/STM32F4xx_HAL_Driver/Src/stm32f4xx_hal_rcc.c.obj
 .comment       0x00000049       0x4a CMakeFiles/stm32f407zg_fh_boot.dir/Drivers/STM32F4xx_HAL_Driver/Src/stm32f4xx_hal_flash.c.obj
 .comment       0x00000049       0x4a CMakeFiles/stm32f407zg_fh_boot.dir/Drivers/STM32F4xx_HAL_Driver/Src/stm32f4xx_hal_flash_ex.c.obj
 .comment       0x00000049       0x4a CMakeFiles/stm32f407zg_fh_boot.dir/Drivers/STM32F4xx_HAL_Driver/Src/stm32f4xx_hal_gpio.c.obj
 .comment       0x00000049       0x4a CMakeFiles/stm32f407zg_fh_boot.dir/Drivers/STM32F4xx_HAL_Driver/Src/stm32f4xx_hal_dma.c.obj
 .comment       0x00000049       0x4a CMakeFiles/stm32f407zg_fh_boot.dir/Drivers/STM32F4xx_HAL_Driver/Src/stm32f4xx_hal_cortex.c.obj
 .comment       0x00000049       0x4a CMakeFiles/stm32f407zg_fh_boot.dir/Drivers/STM32F4xx_HAL_Driver/Src/stm32f4xx_hal.c.obj
 .comment       0x00000049       0x4a CMakeFiles/stm32f407zg_fh_boot.dir/Core/Src/system_stm32f4xx.c.obj

.debug_frame    0x00000000     0x2338
 .debug_frame   0x00000000       0x2c c:/tool/gcc-arm-none-eabi-10.3-2021.10/bin/../lib/gcc/arm-none-eabi/10.3.1/../../../../arm-none-eabi/lib/thumb/v7e-m+fp/hard\libc_nano.a(lib_a-init.o)
 .debug_frame   0x0000002c       0x20 c:/tool/gcc-arm-none-eabi-10.3-2021.10/bin/../lib/gcc/arm-none-eabi/10.3.1/../../../../arm-none-eabi/lib/thumb/v7e-m+fp/hard\libc_nano.a(lib_a-memset.o)
 .debug_frame   0x0000004c      0x150 CMakeFiles/stm32f407zg_fh_boot.dir/fh_bootloader/fh_bootloader.c.obj
 .debug_frame   0x0000019c       0x88 CMakeFiles/stm32f407zg_fh_boot.dir/fh_ringbuff/ringbuff.c.obj
 .debug_frame   0x00000224      0x144 CMakeFiles/stm32f407zg_fh_boot.dir/fh_stream/fh_stream.c.obj
 .debug_frame   0x00000368       0x68 CMakeFiles/stm32f407zg_fh_boot.dir/Core/Src/main.c.obj
 .debug_frame   0x000003d0       0x38 CMakeFiles/stm32f407zg_fh_boot.dir/Core/Src/gpio.c.obj
 .debug_frame   0x00000408       0x90 CMakeFiles/stm32f407zg_fh_boot.dir/Core/Src/usart.c.obj
 .debug_frame   0x00000498      0x13c CMakeFiles/stm32f407zg_fh_boot.dir/Core/Src/stm32f4xx_it.c.obj
 .debug_frame   0x000005d4       0x38 CMakeFiles/stm32f407zg_fh_boot.dir/Core/Src/stm32f4xx_hal_msp.c.obj
 .debug_frame   0x0000060c      0x954 CMakeFiles/stm32f407zg_fh_boot.dir/Drivers/STM32F4xx_HAL_Driver/Src/stm32f4xx_hal_uart.c.obj
 .debug_frame   0x00000f60      0x1f4 CMakeFiles/stm32f407zg_fh_boot.dir/Drivers/STM32F4xx_HAL_Driver/Src/stm32f4xx_hal_rcc.c.obj
 .debug_frame   0x00001154      0x274 CMakeFiles/stm32f407zg_fh_boot.dir/Drivers/STM32F4xx_HAL_Driver/Src/stm32f4xx_hal_flash.c.obj
 .debug_frame   0x000013c8      0x250 CMakeFiles/stm32f407zg_fh_boot.dir/Drivers/STM32F4xx_HAL_Driver/Src/stm32f4xx_hal_flash_ex.c.obj
 .debug_frame   0x00001618      0x14c CMakeFiles/stm32f407zg_fh_boot.dir/Drivers/STM32F4xx_HAL_Driver/Src/stm32f4xx_hal_gpio.c.obj
 .debug_frame   0x00001764      0x250 CMakeFiles/stm32f407zg_fh_boot.dir/Drivers/STM32F4xx_HAL_Driver/Src/stm32f4xx_hal_dma.c.obj
 .debug_frame   0x000019b4      0x508 CMakeFiles/stm32f407zg_fh_boot.dir/Drivers/STM32F4xx_HAL_Driver/Src/stm32f4xx_hal_cortex.c.obj
 .debug_frame   0x00001ebc      0x374 CMakeFiles/stm32f407zg_fh_boot.dir/Drivers/STM32F4xx_HAL_Driver/Src/stm32f4xx_hal.c.obj
 .debug_frame   0x00002230       0x58 CMakeFiles/stm32f407zg_fh_boot.dir/Core/Src/system_stm32f4xx.c.obj
 .debug_frame   0x00002288       0x2c c:/tool/gcc-arm-none-eabi-10.3-2021.10/bin/../lib/gcc/arm-none-eabi/10.3.1/thumb/v7e-m+fp/hard\libgcc.a(_aeabi_uldivmod.o)
 .debug_frame   0x000022b4       0x34 c:/tool/gcc-arm-none-eabi-10.3-2021.10/bin/../lib/gcc/arm-none-eabi/10.3.1/thumb/v7e-m+fp/hard\libgcc.a(_udivmoddi4.o)
 .debug_frame   0x000022e8       0x28 c:/tool/gcc-arm-none-eabi-10.3-2021.10/bin/../lib/gcc/arm-none-eabi/10.3.1/../../../../arm-none-eabi/lib/thumb/v7e-m+fp/hard\libg_nano.a(lib_a-memcpy-stub.o)
 .debug_frame   0x00002310       0x28 c:/tool/gcc-arm-none-eabi-10.3-2021.10/bin/../lib/gcc/arm-none-eabi/10.3.1/../../../../arm-none-eabi/lib/thumb/v7e-m+fp/hard\libg_nano.a(lib_a-memmove.o)

.debug_info     0x00000000     0xa85b
 .debug_info    0x00000000      0xcdf CMakeFiles/stm32f407zg_fh_boot.dir/fh_bootloader/fh_bootloader.c.obj
 .debug_info    0x00000cdf      0x1a2 CMakeFiles/stm32f407zg_fh_boot.dir/fh_ringbuff/ringbuff.c.obj
 .debug_info    0x00000e81      0x423 CMakeFiles/stm32f407zg_fh_boot.dir/fh_stream/fh_stream.c.obj
 .debug_info    0x000012a4      0xa33 CMakeFiles/stm32f407zg_fh_boot.dir/Core/Src/main.c.obj
 .debug_info    0x00001cd7      0x2a8 CMakeFiles/stm32f407zg_fh_boot.dir/Core/Src/gpio.c.obj
 .debug_info    0x00001f7f      0xbe4 CMakeFiles/stm32f407zg_fh_boot.dir/Core/Src/usart.c.obj
 .debug_info    0x00002b63      0x680 CMakeFiles/stm32f407zg_fh_boot.dir/Core/Src/stm32f4xx_it.c.obj
 .debug_info    0x000031e3      0x2a8 CMakeFiles/stm32f407zg_fh_boot.dir/Core/Src/stm32f4xx_hal_msp.c.obj
 .debug_info    0x0000348b     0x30c0 CMakeFiles/stm32f407zg_fh_boot.dir/Drivers/STM32F4xx_HAL_Driver/Src/stm32f4xx_hal_uart.c.obj
 .debug_info    0x0000654b      0x937 CMakeFiles/stm32f407zg_fh_boot.dir/Drivers/STM32F4xx_HAL_Driver/Src/stm32f4xx_hal_rcc.c.obj
 .debug_info    0x00006e82      0x5a5 CMakeFiles/stm32f407zg_fh_boot.dir/Drivers/STM32F4xx_HAL_Driver/Src/stm32f4xx_hal_flash.c.obj
 .debug_info    0x00007427      0x6b6 CMakeFiles/stm32f407zg_fh_boot.dir/Drivers/STM32F4xx_HAL_Driver/Src/stm32f4xx_hal_flash_ex.c.obj
 .debug_info    0x00007add      0x76a CMakeFiles/stm32f407zg_fh_boot.dir/Drivers/STM32F4xx_HAL_Driver/Src/stm32f4xx_hal_gpio.c.obj
 .debug_info    0x00008247      0x943 CMakeFiles/stm32f407zg_fh_boot.dir/Drivers/STM32F4xx_HAL_Driver/Src/stm32f4xx_hal_dma.c.obj
 .debug_info    0x00008b8a      0xe63 CMakeFiles/stm32f407zg_fh_boot.dir/Drivers/STM32F4xx_HAL_Driver/Src/stm32f4xx_hal_cortex.c.obj
 .debug_info    0x000099ed      0x929 CMakeFiles/stm32f407zg_fh_boot.dir/Drivers/STM32F4xx_HAL_Driver/Src/stm32f4xx_hal.c.obj
 .debug_info    0x0000a316      0x523 CMakeFiles/stm32f407zg_fh_boot.dir/Core/Src/system_stm32f4xx.c.obj
 .debug_info    0x0000a839       0x22 CMakeFiles/stm32f407zg_fh_boot.dir/startup_stm32f407xx.s.obj

.debug_abbrev   0x00000000     0x1ec8
 .debug_abbrev  0x00000000      0x2a6 CMakeFiles/stm32f407zg_fh_boot.dir/fh_bootloader/fh_bootloader.c.obj
 .debug_abbrev  0x000002a6       0xc0 CMakeFiles/stm32f407zg_fh_boot.dir/fh_ringbuff/ringbuff.c.obj
 .debug_abbrev  0x00000366      0x167 CMakeFiles/stm32f407zg_fh_boot.dir/fh_stream/fh_stream.c.obj
 .debug_abbrev  0x000004cd      0x1d7 CMakeFiles/stm32f407zg_fh_boot.dir/Core/Src/main.c.obj
 .debug_abbrev  0x000006a4       0xd4 CMakeFiles/stm32f407zg_fh_boot.dir/Core/Src/gpio.c.obj
 .debug_abbrev  0x00000778      0x1b1 CMakeFiles/stm32f407zg_fh_boot.dir/Core/Src/usart.c.obj
 .debug_abbrev  0x00000929      0x13e CMakeFiles/stm32f407zg_fh_boot.dir/Core/Src/stm32f4xx_it.c.obj
 .debug_abbrev  0x00000a67       0xd4 CMakeFiles/stm32f407zg_fh_boot.dir/Core/Src/stm32f4xx_hal_msp.c.obj
 .debug_abbrev  0x00000b3b      0x2b3 CMakeFiles/stm32f407zg_fh_boot.dir/Drivers/STM32F4xx_HAL_Driver/Src/stm32f4xx_hal_uart.c.obj
 .debug_abbrev  0x00000dee      0x262 CMakeFiles/stm32f407zg_fh_boot.dir/Drivers/STM32F4xx_HAL_Driver/Src/stm32f4xx_hal_rcc.c.obj
 .debug_abbrev  0x00001050      0x23d CMakeFiles/stm32f407zg_fh_boot.dir/Drivers/STM32F4xx_HAL_Driver/Src/stm32f4xx_hal_flash.c.obj
 .debug_abbrev  0x0000128d      0x222 CMakeFiles/stm32f407zg_fh_boot.dir/Drivers/STM32F4xx_HAL_Driver/Src/stm32f4xx_hal_flash_ex.c.obj
 .debug_abbrev  0x000014af      0x1c4 CMakeFiles/stm32f407zg_fh_boot.dir/Drivers/STM32F4xx_HAL_Driver/Src/stm32f4xx_hal_gpio.c.obj
 .debug_abbrev  0x00001673      0x246 CMakeFiles/stm32f407zg_fh_boot.dir/Drivers/STM32F4xx_HAL_Driver/Src/stm32f4xx_hal_dma.c.obj
 .debug_abbrev  0x000018b9      0x30d CMakeFiles/stm32f407zg_fh_boot.dir/Drivers/STM32F4xx_HAL_Driver/Src/stm32f4xx_hal_cortex.c.obj
 .debug_abbrev  0x00001bc6      0x1da CMakeFiles/stm32f407zg_fh_boot.dir/Drivers/STM32F4xx_HAL_Driver/Src/stm32f4xx_hal.c.obj
 .debug_abbrev  0x00001da0      0x116 CMakeFiles/stm32f407zg_fh_boot.dir/Core/Src/system_stm32f4xx.c.obj
 .debug_abbrev  0x00001eb6       0x12 CMakeFiles/stm32f407zg_fh_boot.dir/startup_stm32f407xx.s.obj

.debug_aranges  0x00000000      0x920
 .debug_aranges
                0x00000000       0x60 CMakeFiles/stm32f407zg_fh_boot.dir/fh_bootloader/fh_bootloader.c.obj
 .debug_aranges
                0x00000060       0x30 CMakeFiles/stm32f407zg_fh_boot.dir/fh_ringbuff/ringbuff.c.obj
 .debug_aranges
                0x00000090       0x58 CMakeFiles/stm32f407zg_fh_boot.dir/fh_stream/fh_stream.c.obj
 .debug_aranges
                0x000000e8       0x30 CMakeFiles/stm32f407zg_fh_boot.dir/Core/Src/main.c.obj
 .debug_aranges
                0x00000118       0x20 CMakeFiles/stm32f407zg_fh_boot.dir/Core/Src/gpio.c.obj
 .debug_aranges
                0x00000138       0x38 CMakeFiles/stm32f407zg_fh_boot.dir/Core/Src/usart.c.obj
 .debug_aranges
                0x00000170       0x70 CMakeFiles/stm32f407zg_fh_boot.dir/Core/Src/stm32f4xx_it.c.obj
 .debug_aranges
                0x000001e0       0x20 CMakeFiles/stm32f407zg_fh_boot.dir/Core/Src/stm32f4xx_hal_msp.c.obj
 .debug_aranges
                0x00000200      0x208 CMakeFiles/stm32f407zg_fh_boot.dir/Drivers/STM32F4xx_HAL_Driver/Src/stm32f4xx_hal_uart.c.obj
 .debug_aranges
                0x00000408       0x88 CMakeFiles/stm32f407zg_fh_boot.dir/Drivers/STM32F4xx_HAL_Driver/Src/stm32f4xx_hal_rcc.c.obj
 .debug_aranges
                0x00000490       0xa0 CMakeFiles/stm32f407zg_fh_boot.dir/Drivers/STM32F4xx_HAL_Driver/Src/stm32f4xx_hal_flash.c.obj
 .debug_aranges
                0x00000530       0x98 CMakeFiles/stm32f407zg_fh_boot.dir/Drivers/STM32F4xx_HAL_Driver/Src/stm32f4xx_hal_flash_ex.c.obj
 .debug_aranges
                0x000005c8       0x58 CMakeFiles/stm32f407zg_fh_boot.dir/Drivers/STM32F4xx_HAL_Driver/Src/stm32f4xx_hal_gpio.c.obj
 .debug_aranges
                0x00000620       0x90 CMakeFiles/stm32f407zg_fh_boot.dir/Drivers/STM32F4xx_HAL_Driver/Src/stm32f4xx_hal_dma.c.obj
 .debug_aranges
                0x000006b0      0x130 CMakeFiles/stm32f407zg_fh_boot.dir/Drivers/STM32F4xx_HAL_Driver/Src/stm32f4xx_hal_cortex.c.obj
 .debug_aranges
                0x000007e0       0xf0 CMakeFiles/stm32f407zg_fh_boot.dir/Drivers/STM32F4xx_HAL_Driver/Src/stm32f4xx_hal.c.obj
 .debug_aranges
                0x000008d0       0x28 CMakeFiles/stm32f407zg_fh_boot.dir/Core/Src/system_stm32f4xx.c.obj
 .debug_aranges
                0x000008f8       0x28 CMakeFiles/stm32f407zg_fh_boot.dir/startup_stm32f407xx.s.obj

.debug_ranges   0x00000000      0x838
 .debug_ranges  0x00000000       0x50 CMakeFiles/stm32f407zg_fh_boot.dir/fh_bootloader/fh_bootloader.c.obj
 .debug_ranges  0x00000050       0x20 CMakeFiles/stm32f407zg_fh_boot.dir/fh_ringbuff/ringbuff.c.obj
 .debug_ranges  0x00000070       0x48 CMakeFiles/stm32f407zg_fh_boot.dir/fh_stream/fh_stream.c.obj
 .debug_ranges  0x000000b8       0x20 CMakeFiles/stm32f407zg_fh_boot.dir/Core/Src/main.c.obj
 .debug_ranges  0x000000d8       0x10 CMakeFiles/stm32f407zg_fh_boot.dir/Core/Src/gpio.c.obj
 .debug_ranges  0x000000e8       0x28 CMakeFiles/stm32f407zg_fh_boot.dir/Core/Src/usart.c.obj
 .debug_ranges  0x00000110       0x60 CMakeFiles/stm32f407zg_fh_boot.dir/Core/Src/stm32f4xx_it.c.obj
 .debug_ranges  0x00000170       0x10 CMakeFiles/stm32f407zg_fh_boot.dir/Core/Src/stm32f4xx_hal_msp.c.obj
 .debug_ranges  0x00000180      0x228 CMakeFiles/stm32f407zg_fh_boot.dir/Drivers/STM32F4xx_HAL_Driver/Src/stm32f4xx_hal_uart.c.obj
 .debug_ranges  0x000003a8       0x78 CMakeFiles/stm32f407zg_fh_boot.dir/Drivers/STM32F4xx_HAL_Driver/Src/stm32f4xx_hal_rcc.c.obj
 .debug_ranges  0x00000420       0x90 CMakeFiles/stm32f407zg_fh_boot.dir/Drivers/STM32F4xx_HAL_Driver/Src/stm32f4xx_hal_flash.c.obj
 .debug_ranges  0x000004b0       0x88 CMakeFiles/stm32f407zg_fh_boot.dir/Drivers/STM32F4xx_HAL_Driver/Src/stm32f4xx_hal_flash_ex.c.obj
 .debug_ranges  0x00000538       0x48 CMakeFiles/stm32f407zg_fh_boot.dir/Drivers/STM32F4xx_HAL_Driver/Src/stm32f4xx_hal_gpio.c.obj
 .debug_ranges  0x00000580       0x80 CMakeFiles/stm32f407zg_fh_boot.dir/Drivers/STM32F4xx_HAL_Driver/Src/stm32f4xx_hal_dma.c.obj
 .debug_ranges  0x00000600      0x120 CMakeFiles/stm32f407zg_fh_boot.dir/Drivers/STM32F4xx_HAL_Driver/Src/stm32f4xx_hal_cortex.c.obj
 .debug_ranges  0x00000720       0xe0 CMakeFiles/stm32f407zg_fh_boot.dir/Drivers/STM32F4xx_HAL_Driver/Src/stm32f4xx_hal.c.obj
 .debug_ranges  0x00000800       0x18 CMakeFiles/stm32f407zg_fh_boot.dir/Core/Src/system_stm32f4xx.c.obj
 .debug_ranges  0x00000818       0x20 CMakeFiles/stm32f407zg_fh_boot.dir/startup_stm32f407xx.s.obj

.debug_macro    0x00000000    0x2108f
 .debug_macro   0x00000000      0x37c CMakeFiles/stm32f407zg_fh_boot.dir/fh_bootloader/fh_bootloader.c.obj
 .debug_macro   0x0000037c      0xa78 CMakeFiles/stm32f407zg_fh_boot.dir/fh_bootloader/fh_bootloader.c.obj
 .debug_macro   0x00000df4       0x22 CMakeFiles/stm32f407zg_fh_boot.dir/fh_bootloader/fh_bootloader.c.obj
 .debug_macro   0x00000e16       0x8e CMakeFiles/stm32f407zg_fh_boot.dir/fh_bootloader/fh_bootloader.c.obj
 .debug_macro   0x00000ea4       0x51 CMakeFiles/stm32f407zg_fh_boot.dir/fh_bootloader/fh_bootloader.c.obj
 .debug_macro   0x00000ef5      0x103 CMakeFiles/stm32f407zg_fh_boot.dir/fh_bootloader/fh_bootloader.c.obj
 .debug_macro   0x00000ff8       0x6a CMakeFiles/stm32f407zg_fh_boot.dir/fh_bootloader/fh_bootloader.c.obj
 .debug_macro   0x00001062      0x1df CMakeFiles/stm32f407zg_fh_boot.dir/fh_bootloader/fh_bootloader.c.obj
 .debug_macro   0x00001241       0x64 CMakeFiles/stm32f407zg_fh_boot.dir/fh_bootloader/fh_bootloader.c.obj
 .debug_macro   0x000012a5       0x1e CMakeFiles/stm32f407zg_fh_boot.dir/fh_bootloader/fh_bootloader.c.obj
 .debug_macro   0x000012c3       0x35 CMakeFiles/stm32f407zg_fh_boot.dir/fh_bootloader/fh_bootloader.c.obj
 .debug_macro   0x000012f8       0x34 CMakeFiles/stm32f407zg_fh_boot.dir/fh_bootloader/fh_bootloader.c.obj
 .debug_macro   0x0000132c       0x16 CMakeFiles/stm32f407zg_fh_boot.dir/fh_bootloader/fh_bootloader.c.obj
 .debug_macro   0x00001342       0x97 CMakeFiles/stm32f407zg_fh_boot.dir/fh_bootloader/fh_bootloader.c.obj
 .debug_macro   0x000013d9      0x341 CMakeFiles/stm32f407zg_fh_boot.dir/fh_bootloader/fh_bootloader.c.obj
 .debug_macro   0x0000171a       0xfd CMakeFiles/stm32f407zg_fh_boot.dir/fh_bootloader/fh_bootloader.c.obj
 .debug_macro   0x00001817       0x10 CMakeFiles/stm32f407zg_fh_boot.dir/fh_bootloader/fh_bootloader.c.obj
 .debug_macro   0x00001827       0x16 CMakeFiles/stm32f407zg_fh_boot.dir/fh_bootloader/fh_bootloader.c.obj
 .debug_macro   0x0000183d       0x43 CMakeFiles/stm32f407zg_fh_boot.dir/fh_bootloader/fh_bootloader.c.obj
 .debug_macro   0x00001880       0x34 CMakeFiles/stm32f407zg_fh_boot.dir/fh_bootloader/fh_bootloader.c.obj
 .debug_macro   0x000018b4       0x10 CMakeFiles/stm32f407zg_fh_boot.dir/fh_bootloader/fh_bootloader.c.obj
 .debug_macro   0x000018c4       0x58 CMakeFiles/stm32f407zg_fh_boot.dir/fh_bootloader/fh_bootloader.c.obj
 .debug_macro   0x0000191c      0x182 CMakeFiles/stm32f407zg_fh_boot.dir/fh_bootloader/fh_bootloader.c.obj
 .debug_macro   0x00001a9e       0x10 CMakeFiles/stm32f407zg_fh_boot.dir/fh_bootloader/fh_bootloader.c.obj
 .debug_macro   0x00001aae       0x1c CMakeFiles/stm32f407zg_fh_boot.dir/fh_bootloader/fh_bootloader.c.obj
 .debug_macro   0x00001aca       0x52 CMakeFiles/stm32f407zg_fh_boot.dir/fh_bootloader/fh_bootloader.c.obj
 .debug_macro   0x00001b1c       0x22 CMakeFiles/stm32f407zg_fh_boot.dir/fh_bootloader/fh_bootloader.c.obj
 .debug_macro   0x00001b3e       0x10 CMakeFiles/stm32f407zg_fh_boot.dir/fh_bootloader/fh_bootloader.c.obj
 .debug_macro   0x00001b4e       0x52 CMakeFiles/stm32f407zg_fh_boot.dir/fh_bootloader/fh_bootloader.c.obj
 .debug_macro   0x00001ba0       0xd5 CMakeFiles/stm32f407zg_fh_boot.dir/fh_bootloader/fh_bootloader.c.obj
 .debug_macro   0x00001c75       0x1c CMakeFiles/stm32f407zg_fh_boot.dir/fh_bootloader/fh_bootloader.c.obj
 .debug_macro   0x00001c91       0x3d CMakeFiles/stm32f407zg_fh_boot.dir/fh_bootloader/fh_bootloader.c.obj
 .debug_macro   0x00001cce       0x16 CMakeFiles/stm32f407zg_fh_boot.dir/fh_bootloader/fh_bootloader.c.obj
 .debug_macro   0x00001ce4      0x16f CMakeFiles/stm32f407zg_fh_boot.dir/fh_bootloader/fh_bootloader.c.obj
 .debug_macro   0x00001e53      0x295 CMakeFiles/stm32f407zg_fh_boot.dir/fh_bootloader/fh_bootloader.c.obj
 .debug_macro   0x000020e8       0x2e CMakeFiles/stm32f407zg_fh_boot.dir/fh_bootloader/fh_bootloader.c.obj
 .debug_macro   0x00002116       0x2f CMakeFiles/stm32f407zg_fh_boot.dir/fh_bootloader/fh_bootloader.c.obj
 .debug_macro   0x00002145       0x1c CMakeFiles/stm32f407zg_fh_boot.dir/fh_bootloader/fh_bootloader.c.obj
 .debug_macro   0x00002161       0x22 CMakeFiles/stm32f407zg_fh_boot.dir/fh_bootloader/fh_bootloader.c.obj
 .debug_macro   0x00002183       0xfb CMakeFiles/stm32f407zg_fh_boot.dir/fh_bootloader/fh_bootloader.c.obj
 .debug_macro   0x0000227e     0x1011 CMakeFiles/stm32f407zg_fh_boot.dir/fh_bootloader/fh_bootloader.c.obj
 .debug_macro   0x0000328f      0x11f CMakeFiles/stm32f407zg_fh_boot.dir/fh_bootloader/fh_bootloader.c.obj
 .debug_macro   0x000033ae    0x15ea5 CMakeFiles/stm32f407zg_fh_boot.dir/fh_bootloader/fh_bootloader.c.obj
 .debug_macro   0x00019253       0x6d CMakeFiles/stm32f407zg_fh_boot.dir/fh_bootloader/fh_bootloader.c.obj
 .debug_macro   0x000192c0     0x3693 CMakeFiles/stm32f407zg_fh_boot.dir/fh_bootloader/fh_bootloader.c.obj
 .debug_macro   0x0001c953       0x56 CMakeFiles/stm32f407zg_fh_boot.dir/fh_bootloader/fh_bootloader.c.obj
 .debug_macro   0x0001c9a9      0x980 CMakeFiles/stm32f407zg_fh_boot.dir/fh_bootloader/fh_bootloader.c.obj
 .debug_macro   0x0001d329      0x9e9 CMakeFiles/stm32f407zg_fh_boot.dir/fh_bootloader/fh_bootloader.c.obj
 .debug_macro   0x0001dd12      0x115 CMakeFiles/stm32f407zg_fh_boot.dir/fh_bootloader/fh_bootloader.c.obj
 .debug_macro   0x0001de27      0x13e CMakeFiles/stm32f407zg_fh_boot.dir/fh_bootloader/fh_bootloader.c.obj
 .debug_macro   0x0001df65       0xa5 CMakeFiles/stm32f407zg_fh_boot.dir/fh_bootloader/fh_bootloader.c.obj
 .debug_macro   0x0001e00a      0x174 CMakeFiles/stm32f407zg_fh_boot.dir/fh_bootloader/fh_bootloader.c.obj
 .debug_macro   0x0001e17e      0x287 CMakeFiles/stm32f407zg_fh_boot.dir/fh_bootloader/fh_bootloader.c.obj
 .debug_macro   0x0001e405       0x5f CMakeFiles/stm32f407zg_fh_boot.dir/fh_bootloader/fh_bootloader.c.obj
 .debug_macro   0x0001e464      0x236 CMakeFiles/stm32f407zg_fh_boot.dir/fh_bootloader/fh_bootloader.c.obj
 .debug_macro   0x0001e69a      0x12c CMakeFiles/stm32f407zg_fh_boot.dir/fh_bootloader/fh_bootloader.c.obj
 .debug_macro   0x0001e7c6      0x21e CMakeFiles/stm32f407zg_fh_boot.dir/fh_bootloader/fh_bootloader.c.obj
 .debug_macro   0x0001e9e4       0x2e CMakeFiles/stm32f407zg_fh_boot.dir/fh_bootloader/fh_bootloader.c.obj
 .debug_macro   0x0001ea12      0x127 CMakeFiles/stm32f407zg_fh_boot.dir/fh_bootloader/fh_bootloader.c.obj
 .debug_macro   0x0001eb39       0x7e CMakeFiles/stm32f407zg_fh_boot.dir/fh_bootloader/fh_bootloader.c.obj
 .debug_macro   0x0001ebb7       0x89 CMakeFiles/stm32f407zg_fh_boot.dir/fh_bootloader/fh_bootloader.c.obj
 .debug_macro   0x0001ec40      0x2aa CMakeFiles/stm32f407zg_fh_boot.dir/fh_bootloader/fh_bootloader.c.obj
 .debug_macro   0x0001eeea      0x12d CMakeFiles/stm32f407zg_fh_boot.dir/fh_bootloader/fh_bootloader.c.obj
 .debug_macro   0x0001f017       0x16 CMakeFiles/stm32f407zg_fh_boot.dir/fh_bootloader/fh_bootloader.c.obj
 .debug_macro   0x0001f02d       0x16 CMakeFiles/stm32f407zg_fh_boot.dir/fh_bootloader/fh_bootloader.c.obj
 .debug_macro   0x0001f043       0x35 CMakeFiles/stm32f407zg_fh_boot.dir/fh_bootloader/fh_bootloader.c.obj
 .debug_macro   0x0001f078      0x1d3 CMakeFiles/stm32f407zg_fh_boot.dir/fh_ringbuff/ringbuff.c.obj
 .debug_macro   0x0001f24b      0x174 CMakeFiles/stm32f407zg_fh_boot.dir/fh_ringbuff/ringbuff.c.obj
 .debug_macro   0x0001f3bf       0x5c CMakeFiles/stm32f407zg_fh_boot.dir/fh_ringbuff/ringbuff.c.obj
 .debug_macro   0x0001f41b      0x1cb CMakeFiles/stm32f407zg_fh_boot.dir/fh_stream/fh_stream.c.obj
 .debug_macro   0x0001f5e6       0x5e CMakeFiles/stm32f407zg_fh_boot.dir/fh_stream/fh_stream.c.obj
 .debug_macro   0x0001f644       0x94 CMakeFiles/stm32f407zg_fh_boot.dir/fh_stream/fh_stream.c.obj
 .debug_macro   0x0001f6d8       0x57 CMakeFiles/stm32f407zg_fh_boot.dir/fh_stream/fh_stream.c.obj
 .debug_macro   0x0001f72f      0x1ef CMakeFiles/stm32f407zg_fh_boot.dir/Core/Src/main.c.obj
 .debug_macro   0x0001f91e       0x1c CMakeFiles/stm32f407zg_fh_boot.dir/Core/Src/main.c.obj
 .debug_macro   0x0001f93a      0x1ce CMakeFiles/stm32f407zg_fh_boot.dir/Core/Src/gpio.c.obj
 .debug_macro   0x0001fb08      0x1ce CMakeFiles/stm32f407zg_fh_boot.dir/Core/Src/usart.c.obj
 .debug_macro   0x0001fcd6      0x1ce CMakeFiles/stm32f407zg_fh_boot.dir/Core/Src/stm32f4xx_it.c.obj
 .debug_macro   0x0001fea4      0x1c4 CMakeFiles/stm32f407zg_fh_boot.dir/Core/Src/stm32f4xx_hal_msp.c.obj
 .debug_macro   0x00020068      0x1bb CMakeFiles/stm32f407zg_fh_boot.dir/Drivers/STM32F4xx_HAL_Driver/Src/stm32f4xx_hal_uart.c.obj
 .debug_macro   0x00020223      0x1de CMakeFiles/stm32f407zg_fh_boot.dir/Drivers/STM32F4xx_HAL_Driver/Src/stm32f4xx_hal_rcc.c.obj
 .debug_macro   0x00020401      0x1c0 CMakeFiles/stm32f407zg_fh_boot.dir/Drivers/STM32F4xx_HAL_Driver/Src/stm32f4xx_hal_flash.c.obj
 .debug_macro   0x000205c1      0x1c0 CMakeFiles/stm32f407zg_fh_boot.dir/Drivers/STM32F4xx_HAL_Driver/Src/stm32f4xx_hal_flash_ex.c.obj
 .debug_macro   0x00020781      0x1c0 CMakeFiles/stm32f407zg_fh_boot.dir/Drivers/STM32F4xx_HAL_Driver/Src/stm32f4xx_hal_gpio.c.obj
 .debug_macro   0x00020941      0x1c0 CMakeFiles/stm32f407zg_fh_boot.dir/Drivers/STM32F4xx_HAL_Driver/Src/stm32f4xx_hal_dma.c.obj
 .debug_macro   0x00020b01      0x1ba CMakeFiles/stm32f407zg_fh_boot.dir/Drivers/STM32F4xx_HAL_Driver/Src/stm32f4xx_hal_cortex.c.obj
 .debug_macro   0x00020cbb      0x21a CMakeFiles/stm32f407zg_fh_boot.dir/Drivers/STM32F4xx_HAL_Driver/Src/stm32f4xx_hal.c.obj
 .debug_macro   0x00020ed5      0x1ba CMakeFiles/stm32f407zg_fh_boot.dir/Core/Src/system_stm32f4xx.c.obj

.debug_line     0x00000000     0xab36
 .debug_line    0x00000000      0x95f CMakeFiles/stm32f407zg_fh_boot.dir/fh_bootloader/fh_bootloader.c.obj
 .debug_line    0x0000095f      0x61e CMakeFiles/stm32f407zg_fh_boot.dir/fh_ringbuff/ringbuff.c.obj
 .debug_line    0x00000f7d      0x47e CMakeFiles/stm32f407zg_fh_boot.dir/fh_stream/fh_stream.c.obj
 .debug_line    0x000013fb      0x6b7 CMakeFiles/stm32f407zg_fh_boot.dir/Core/Src/main.c.obj
 .debug_line    0x00001ab2      0x59d CMakeFiles/stm32f407zg_fh_boot.dir/Core/Src/gpio.c.obj
 .debug_line    0x0000204f      0x67a CMakeFiles/stm32f407zg_fh_boot.dir/Core/Src/usart.c.obj
 .debug_line    0x000026c9      0x693 CMakeFiles/stm32f407zg_fh_boot.dir/Core/Src/stm32f4xx_it.c.obj
 .debug_line    0x00002d5c      0x5a0 CMakeFiles/stm32f407zg_fh_boot.dir/Core/Src/stm32f4xx_hal_msp.c.obj
 .debug_line    0x000032fc     0x2779 CMakeFiles/stm32f407zg_fh_boot.dir/Drivers/STM32F4xx_HAL_Driver/Src/stm32f4xx_hal_uart.c.obj
 .debug_line    0x00005a75      0xc1a CMakeFiles/stm32f407zg_fh_boot.dir/Drivers/STM32F4xx_HAL_Driver/Src/stm32f4xx_hal_rcc.c.obj
 .debug_line    0x0000668f      0x8f7 CMakeFiles/stm32f407zg_fh_boot.dir/Drivers/STM32F4xx_HAL_Driver/Src/stm32f4xx_hal_flash.c.obj
 .debug_line    0x00006f86      0x90f CMakeFiles/stm32f407zg_fh_boot.dir/Drivers/STM32F4xx_HAL_Driver/Src/stm32f4xx_hal_flash_ex.c.obj
 .debug_line    0x00007895      0x9fc CMakeFiles/stm32f407zg_fh_boot.dir/Drivers/STM32F4xx_HAL_Driver/Src/stm32f4xx_hal_gpio.c.obj
 .debug_line    0x00008291      0xdec CMakeFiles/stm32f407zg_fh_boot.dir/Drivers/STM32F4xx_HAL_Driver/Src/stm32f4xx_hal_dma.c.obj
 .debug_line    0x0000907d      0xb82 CMakeFiles/stm32f407zg_fh_boot.dir/Drivers/STM32F4xx_HAL_Driver/Src/stm32f4xx_hal_cortex.c.obj
 .debug_line    0x00009bff      0x888 CMakeFiles/stm32f407zg_fh_boot.dir/Drivers/STM32F4xx_HAL_Driver/Src/stm32f4xx_hal.c.obj
 .debug_line    0x0000a487      0x613 CMakeFiles/stm32f407zg_fh_boot.dir/Core/Src/system_stm32f4xx.c.obj
 .debug_line    0x0000aa9a       0x9c CMakeFiles/stm32f407zg_fh_boot.dir/startup_stm32f407xx.s.obj

.debug_str      0x00000000    0xc3324
 .debug_str     0x00000000    0xc0df3 CMakeFiles/stm32f407zg_fh_boot.dir/fh_bootloader/fh_bootloader.c.obj
                              0xc1113 (size before relaxing)
 .debug_str     0x000c0df3       0x77 CMakeFiles/stm32f407zg_fh_boot.dir/fh_ringbuff/ringbuff.c.obj
                              0xbcc6e (size before relaxing)
 .debug_str     0x000c0e6a      0x1b3 CMakeFiles/stm32f407zg_fh_boot.dir/fh_stream/fh_stream.c.obj
                               0x704b (size before relaxing)
 .debug_str     0x000c101d      0x282 CMakeFiles/stm32f407zg_fh_boot.dir/Core/Src/main.c.obj
                              0xbd350 (size before relaxing)
 .debug_str     0x000c129f       0x43 CMakeFiles/stm32f407zg_fh_boot.dir/Core/Src/gpio.c.obj
                              0xbcccd (size before relaxing)
 .debug_str     0x000c12e2       0xf6 CMakeFiles/stm32f407zg_fh_boot.dir/Core/Src/usart.c.obj
                              0xbd712 (size before relaxing)
 .debug_str     0x000c13d8      0x104 CMakeFiles/stm32f407zg_fh_boot.dir/Core/Src/stm32f4xx_it.c.obj
                              0xbd0fc (size before relaxing)
 .debug_str     0x000c14dc       0x4f CMakeFiles/stm32f407zg_fh_boot.dir/Core/Src/stm32f4xx_hal_msp.c.obj
                              0xbcccd (size before relaxing)
 .debug_str     0x000c152b      0x65c CMakeFiles/stm32f407zg_fh_boot.dir/Drivers/STM32F4xx_HAL_Driver/Src/stm32f4xx_hal_uart.c.obj
                              0xbd71b (size before relaxing)
 .debug_str     0x000c1b87      0x2d1 CMakeFiles/stm32f407zg_fh_boot.dir/Drivers/STM32F4xx_HAL_Driver/Src/stm32f4xx_hal_rcc.c.obj
                              0xbd18a (size before relaxing)
 .debug_str     0x000c1e58      0x2c7 CMakeFiles/stm32f407zg_fh_boot.dir/Drivers/STM32F4xx_HAL_Driver/Src/stm32f4xx_hal_flash.c.obj
                              0xbcf3c (size before relaxing)
 .debug_str     0x000c211f      0x231 CMakeFiles/stm32f407zg_fh_boot.dir/Drivers/STM32F4xx_HAL_Driver/Src/stm32f4xx_hal_flash_ex.c.obj
                              0xbcfa2 (size before relaxing)
 .debug_str     0x000c2350      0x19e CMakeFiles/stm32f407zg_fh_boot.dir/Drivers/STM32F4xx_HAL_Driver/Src/stm32f4xx_hal_gpio.c.obj
                              0xbcef8 (size before relaxing)
 .debug_str     0x000c24ee      0x346 CMakeFiles/stm32f407zg_fh_boot.dir/Drivers/STM32F4xx_HAL_Driver/Src/stm32f4xx_hal_dma.c.obj
                              0xbd18b (size before relaxing)
 .debug_str     0x000c2834      0x46a CMakeFiles/stm32f407zg_fh_boot.dir/Drivers/STM32F4xx_HAL_Driver/Src/stm32f4xx_hal_cortex.c.obj
                              0xbd67d (size before relaxing)
 .debug_str     0x000c2c9e      0x5cf CMakeFiles/stm32f407zg_fh_boot.dir/Drivers/STM32F4xx_HAL_Driver/Src/stm32f4xx_hal.c.obj
                              0xbd8b2 (size before relaxing)
 .debug_str     0x000c326d       0x6d CMakeFiles/stm32f407zg_fh_boot.dir/Core/Src/system_stm32f4xx.c.obj
                              0xbcd7d (size before relaxing)
 .debug_str     0x000c32da       0x4a CMakeFiles/stm32f407zg_fh_boot.dir/startup_stm32f407xx.s.obj
                                 0x7c (size before relaxing)
